<html>
<body>
<pre>
<h1>µVision Build Log</h1>
<h2>Tool Versions:</h2>
IDE-Version: µVision V5.39.0.0
Copyright (C) 2023 ARM Ltd and ARM Germany GmbH. All rights reserved.
License Information: Thu Bui
DHCN
User-based license: Keil MDK Community (non-commercial free of charge)
Valid until: Jun 1 2033. Cached until: Jun 7 2024
 
Tool Versions:
Toolchain:       Keil MDK Community (non-commercial free of charge  Version: 5.39.0.0
Toolchain Path:  D:\Keil_uVision\Keil_v5\ARM\ARMCLANG\Bin
C Compiler:      ArmClang.exe V6.21
Assembler:       Armasm.exe V6.21
Linker/Locator:  ArmLink.exe V6.21
Library Manager: ArmAr.exe V6.21
Hex Converter:   FromElf.exe V6.21
CPU DLL:         SARMCM3.DLL V5.39.0.0
Dialog DLL:      DCM.DLL V1.17.5.0
Target DLL:      STLink\ST-LINKIII-KEIL_SWO.dll V3.2.0.0
Dialog DLL:      TCM.DLL V1.56.4.0
 
<h2>Project:</h2>
D:\Keil uVision Project\ARM_STM32F103\Test\Test.uvprojx
Project File Date:  06/01/2024

<h2>Output:</h2>
*** Using Compiler 'V6.21', folder: 'D:\Keil_uVision\Keil_v5\ARM\ARMCLANG\Bin'
Rebuild target 'Target 1'
assembling startup_stm32f10x_md.s...
RTE/Device/STM32F103C8/system_stm32f10x.c(64): warning: In file included from...
D:/Keil_uVision/Arm/Packs/Keil/STM32F1xx_DFP/2.4.1/Device/Include\stm32f10x.h(18): warning: invalid UTF-8 in comment [-Winvalid-utf8]
   18 |   *              - To use or not the peripheral<92>s drivers in application code(i.e. 
      |                                                ^
D:/Keil_uVision/Arm/Packs/Keil/STM32F1xx_DFP/2.4.1/Device/Include\stm32f10x.h(19): warning: invalid UTF-8 in comment [-Winvalid-utf8]
   19 |   *                code will be based on direct access to peripheral<92>s registers 
      |                                                                     ^
D:/Keil_uVision/Arm/Packs/Keil/STM32F1xx_DFP/2.4.1/Device/Include\stm32f10x.h(26): warning: invalid UTF-8 in comment [-Winvalid-utf8]
   26 |   *           - Macros to access peripheral<92>s registers hardware
      |                                            ^
RTE/Device/STM32F103C8/system_stm32f10x.c(166): warning: no previous extern declaration for non-static variable 'AHBPrescTable' [-Wmissing-variable-declarations]
  166 | __I uint8_t AHBPrescTable[16] = {0, 0, 0, 0, 0, 0, 0, 0, 1, 2, 3, 4, 6, 7, 8, 9};
      |             ^
RTE/Device/STM32F103C8/system_stm32f10x.c(166): note: declare 'static' if the variable is not intended to be used outside of this translation unit
  166 | __I uint8_t AHBPrescTable[16] = {0, 0, 0, 0, 0, 0, 0, 0, 1, 2, 3, 4, 6, 7, 8, 9};
      |     ^
RTE/Device/STM32F103C8/system_stm32f10x.c(408): warning: unsafe buffer access [-Wunsafe-buffer-usage]
  408 |   tmp = AHBPrescTable[((RCC->CFGR & RCC_CFGR_HPRE) >> 4)];
      |         ^~~~~~~~~~~~~
5 warnings generated.
compiling system_stm32f10x.c...
Main.c(1): warning: In file included from...
D:/Keil_uVision/Arm/Packs/Keil/STM32F1xx_DFP/2.4.1/Device/Include\stm32f10x.h(18): warning: invalid UTF-8 in comment [-Winvalid-utf8]
   18 |   *              - To use or not the peripheral<92>s drivers in application code(i.e. 
      |                                                ^
D:/Keil_uVision/Arm/Packs/Keil/STM32F1xx_DFP/2.4.1/Device/Include\stm32f10x.h(19): warning: invalid UTF-8 in comment [-Winvalid-utf8]
   19 |   *                code will be based on direct access to peripheral<92>s registers 
      |                                                                     ^
D:/Keil_uVision/Arm/Packs/Keil/STM32F1xx_DFP/2.4.1/Device/Include\stm32f10x.h(26): warning: invalid UTF-8 in comment [-Winvalid-utf8]
   26 |   *           - Macros to access peripheral<92>s registers hardware
      |                                            ^
Main.c(54): warning: mixing declarations and code is incompatible with standards before C99 [-Wdeclaration-after-statement]
   54 |     uint32_t timeout = TIMEOUT;
      |              ^
Main.c(82): warning: mixing declarations and code is incompatible with standards before C99 [-Wdeclaration-after-statement]
   82 |     uint32_t timeout = TIMEOUT;
      |              ^
Main.c(142): warning: mixing declarations and code is incompatible with standards before C99 [-Wdeclaration-after-statement]
  142 |     uint32_t timeout = TIMEOUT;
      |              ^
Main.c(197): warning: implicit conversion loses integer precision: 'int' to 'char' [-Wimplicit-int-conversion]
  197 |     lcd_send_cmd(col);
      |     ~~~~~~~~~~~~ ^~~
Main.c(248): warning: comparison of integers of different signs: 'int' and 'uint32_t' (aka 'unsigned int') [-Wsign-compare]
  248 |     for(int i = 0; i < ms; i++)
      |                    ~ ^ ~~
Main.c(269): warning: no newline at end of file [-Wnewline-eof]
  269 | }
      |  ^
Main.c(113): warning: unsafe pointer arithmetic [-Wunsafe-buffer-usage]
  113 |         data++;
      |         ^~~~
Main.c(138): warning: unsafe pointer arithmetic [-Wunsafe-buffer-usage]
  138 |         data++;
      |         ^~~~
Main.c(158): warning: unsafe buffer access [-Wunsafe-buffer-usage]
  158 |     data_t[1] = data_u | 0x08;  // en=0, rs=0
      |     ^~~~~~
Main.c(159): warning: unsafe buffer access [-Wunsafe-buffer-usage]
  159 |     data_t[2] = data_l | 0x0C;  // en=1, rs=0
      |     ^~~~~~
Main.c(160): warning: unsafe buffer access [-Wunsafe-buffer-usage]
  160 |     data_t[3] = data_l | 0x08;  // en=0, rs=0
      |     ^~~~~~
Main.c(171): warning: unsafe buffer access [-Wunsafe-buffer-usage]
  171 |     data_t[1] = data_u | 0x09;  // en=0, rs=1
      |     ^~~~~~
Main.c(172): warning: unsafe buffer access [-Wunsafe-buffer-usage]
  172 |     data_t[2] = data_l | 0x0D;  // en=1, rs=1
      |     ^~~~~~
Main.c(173): warning: unsafe buffer access [-Wunsafe-buffer-usage]
  173 |     data_t[3] = data_l | 0x09;  // en=0, rs=1
      |     ^~~~~~
Main.c(227): warning: unsafe pointer arithmetic [-Wunsafe-buffer-usage]
  227 |     while (*str) lcd_send_data(*str++);
      |                                 ^~~
18 warnings generated.
compiling Main.c...
linking...
Program Size: Code=1886 RO-data=286 RW-data=0 ZI-data=1632  
".\Objects\Test.axf" - 0 Error(s), 23 Warning(s).

<h2>Software Packages used:</h2>

Package Vendor: ARM
                http://www.keil.com/pack/ARM.CMSIS.5.9.0.pack
                ARM::CMSIS@5.9.0
                CMSIS (Common Microcontroller Software Interface Standard)
   * Component: CORE Version: 5.6.0

Package Vendor: Keil
                https://www.keil.com/pack/Keil.STM32F1xx_DFP.2.4.1.pack
                Keil::STM32F1xx_DFP@2.4.1
                STMicroelectronics STM32F1 Series Device Support, Drivers and Examples
   * Component: Startup Version: 1.0.0

<h2>Collection of Component include folders:</h2>
  ./RTE/Device/STM32F103C8
  ./RTE/_Target_1
  D:/Keil_uVision/Arm/Packs/ARM/CMSIS/5.9.0/CMSIS/Core/Include
  D:/Keil_uVision/Arm/Packs/Keil/STM32F1xx_DFP/2.4.1/Device/Include

<h2>Collection of Component Files used:</h2>

   * Component: ARM::CMSIS:CORE@5.6.0

   * Component: Keil::Device:Startup@1.0.0
      Source file:   Device/Source/ARM/startup_stm32f10x_md.s
      Include file:  RTE_Driver/Config/RTE_Device.h
      Source file:   Device/Source/ARM/STM32F1xx_OPT.s
      Source file:   Device/Source/system_stm32f10x.c
Build Time Elapsed:  00:00:01
</pre>
</body>
</html>
