Component: ARM Compiler 5.06 update 7 (build 960) Tool: armlink [4d3601]

==============================================================================

Section Cross References

    main.o(i.ADC1_2_IRQHandler) refers to main.o(.data) for DR_value
    main.o(i.ADC_conf) refers to main.o(i.__NVIC_SetPriority) for __NVIC_SetPriority
    main.o(i.ADC_conf) refers to main.o(i.__NVIC_EnableIRQ) for __NVIC_EnableIRQ
    main.o(i.ADC_start) refers to main.o(i.delay_ms) for delay_ms
    main.o(i.EXTI15_10_IRQHandler) refers to main.o(i.reset_pusle_index) for reset_pusle_index
    main.o(i.EXTI15_10_IRQHandler) refers to main.o(.data) for choice
    main.o(i.EXTI_Config) refers to main.o(i.__NVIC_SetPriority) for __NVIC_SetPriority
    main.o(i.EXTI_Config) refers to main.o(i.__NVIC_EnableIRQ) for __NVIC_EnableIRQ
    main.o(i.SineTable_Init) refers to dflt_clz.o(x$fpl$dflt) for __aeabi_i2d
    main.o(i.SineTable_Init) refers to dmul.o(x$fpl$dmul) for __aeabi_dmul
    main.o(i.SineTable_Init) refers to ddiv.o(x$fpl$ddiv) for __aeabi_ddiv
    main.o(i.SineTable_Init) refers to sin.o(i.sin) for sin
    main.o(i.SineTable_Init) refers to daddsub_clz.o(x$fpl$dadd) for __aeabi_dadd
    main.o(i.SineTable_Init) refers to dfixu.o(x$fpl$dfixu) for __aeabi_d2uiz
    main.o(i.SineTable_Init) refers to main.o(.bss) for sine_table
    main.o(i.SquareTable_Init) refers to main.o(.bss) for square_table
    main.o(i.TIM3_IRQHandler) refers to main.o(.data) for choice
    main.o(i.TIM3_IRQHandler) refers to main.o(.bss) for triangle_table
    main.o(i.Timer3_DAC_Config) refers to main.o(i.__NVIC_SetPriority) for __NVIC_SetPriority
    main.o(i.Timer3_DAC_Config) refers to main.o(i.__NVIC_EnableIRQ) for __NVIC_EnableIRQ
    main.o(i.Timer3_DAC_Config) refers to main.o(.data) for freq_table
    main.o(i.TriangleTable_Init) refers to main.o(.bss) for triangle_table
    main.o(i.main) refers to main.o(i.SineTable_Init) for SineTable_Init
    main.o(i.main) refers to main.o(i.TriangleTable_Init) for TriangleTable_Init
    main.o(i.main) refers to main.o(i.SquareTable_Init) for SquareTable_Init
    main.o(i.main) refers to main.o(i.SysClkConf) for SysClkConf
    main.o(i.main) refers to main.o(i.PinConf) for PinConf
    main.o(i.main) refers to main.o(i.Timer3_DAC_Config) for Timer3_DAC_Config
    main.o(i.main) refers to main.o(i.EXTI_Config) for EXTI_Config
    main.o(i.main) refers to main.o(i.ADC_conf) for ADC_conf
    main.o(i.main) refers to main.o(i.ADC_start) for ADC_start
    main.o(i.main) refers to main.o(.data) for vol
    main.o(i.reset_pusle_index) refers to main.o(.data) for square_index
    delay.o(i.Delay_ms) refers to delay.o(.data) for msTicks
    delay.o(i.SysTick_Handler) refers to delay.o(.data) for msTicks
    delay.o(i.initSysTickInterrupt) refers to system_stm32f10x.o(.data) for SystemCoreClock
    startup_stm32f10x_md.o(STACK) refers (Special) to heapauxi.o(.text) for __use_two_region_memory
    startup_stm32f10x_md.o(HEAP) refers (Special) to heapauxi.o(.text) for __use_two_region_memory
    startup_stm32f10x_md.o(RESET) refers (Special) to heapauxi.o(.text) for __use_two_region_memory
    startup_stm32f10x_md.o(RESET) refers to startup_stm32f10x_md.o(STACK) for __initial_sp
    startup_stm32f10x_md.o(RESET) refers to startup_stm32f10x_md.o(.text) for Reset_Handler
    startup_stm32f10x_md.o(RESET) refers to delay.o(i.SysTick_Handler) for SysTick_Handler
    startup_stm32f10x_md.o(RESET) refers to main.o(i.ADC1_2_IRQHandler) for ADC1_2_IRQHandler
    startup_stm32f10x_md.o(RESET) refers to main.o(i.TIM3_IRQHandler) for TIM3_IRQHandler
    startup_stm32f10x_md.o(RESET) refers to main.o(i.EXTI15_10_IRQHandler) for EXTI15_10_IRQHandler
    startup_stm32f10x_md.o(.text) refers (Special) to heapauxi.o(.text) for __use_two_region_memory
    startup_stm32f10x_md.o(.text) refers to system_stm32f10x.o(i.SystemInit) for SystemInit
    startup_stm32f10x_md.o(.text) refers to __main.o(!!!main) for __main
    startup_stm32f10x_md.o(.text) refers to startup_stm32f10x_md.o(HEAP) for Heap_Mem
    startup_stm32f10x_md.o(.text) refers to startup_stm32f10x_md.o(STACK) for Stack_Mem
    system_stm32f10x.o(i.SetSysClock) refers to system_stm32f10x.o(i.SetSysClockTo72) for SetSysClockTo72
    system_stm32f10x.o(i.SystemCoreClockUpdate) refers to system_stm32f10x.o(.data) for SystemCoreClock
    system_stm32f10x.o(i.SystemInit) refers to system_stm32f10x.o(i.SetSysClock) for SetSysClock
    __main.o(!!!main) refers to __rtentry.o(.ARM.Collect$$rtentry$$00000000) for __rt_entry
    daddsub_clz.o(x$fpl$dadd) refers (Special) to usenofp.o(x$fpl$usenofp) for __I$use$fp
    daddsub_clz.o(x$fpl$dadd) refers to daddsub_clz.o(x$fpl$dsub) for _dsub1
    daddsub_clz.o(x$fpl$dadd) refers to dretinf.o(x$fpl$dretinf) for __fpl_dretinf
    daddsub_clz.o(x$fpl$dadd) refers to dnaninf.o(x$fpl$dnaninf) for __fpl_dnaninf
    daddsub_clz.o(x$fpl$drsb) refers (Special) to usenofp.o(x$fpl$usenofp) for __I$use$fp
    daddsub_clz.o(x$fpl$drsb) refers to daddsub_clz.o(x$fpl$dadd) for _dadd1
    daddsub_clz.o(x$fpl$drsb) refers to daddsub_clz.o(x$fpl$dsub) for _dsub1
    daddsub_clz.o(x$fpl$dsub) refers (Special) to usenofp.o(x$fpl$usenofp) for __I$use$fp
    daddsub_clz.o(x$fpl$dsub) refers to daddsub_clz.o(x$fpl$dadd) for _dadd1
    daddsub_clz.o(x$fpl$dsub) refers to dnaninf.o(x$fpl$dnaninf) for __fpl_dnaninf
    ddiv.o(x$fpl$drdiv) refers (Special) to usenofp.o(x$fpl$usenofp) for __I$use$fp
    ddiv.o(x$fpl$drdiv) refers to ddiv.o(x$fpl$ddiv) for ddiv_entry
    ddiv.o(x$fpl$ddiv) refers (Special) to usenofp.o(x$fpl$usenofp) for __I$use$fp
    ddiv.o(x$fpl$ddiv) refers to dretinf.o(x$fpl$dretinf) for __fpl_dretinf
    ddiv.o(x$fpl$ddiv) refers to dnaninf.o(x$fpl$dnaninf) for __fpl_dnaninf
    dfixu.o(x$fpl$dfixu) refers (Special) to usenofp.o(x$fpl$usenofp) for __I$use$fp
    dfixu.o(x$fpl$dfixu) refers to dnaninf.o(x$fpl$dnaninf) for __fpl_dnaninf
    dfixu.o(x$fpl$dfixur) refers (Special) to usenofp.o(x$fpl$usenofp) for __I$use$fp
    dfixu.o(x$fpl$dfixur) refers to dnaninf.o(x$fpl$dnaninf) for __fpl_dnaninf
    dflt_clz.o(x$fpl$dfltu) refers (Special) to usenofp.o(x$fpl$usenofp) for __I$use$fp
    dflt_clz.o(x$fpl$dflt) refers (Special) to usenofp.o(x$fpl$usenofp) for __I$use$fp
    dflt_clz.o(x$fpl$dfltn) refers (Special) to usenofp.o(x$fpl$usenofp) for __I$use$fp
    dmul.o(x$fpl$dmul) refers (Special) to usenofp.o(x$fpl$usenofp) for __I$use$fp
    dmul.o(x$fpl$dmul) refers to dretinf.o(x$fpl$dretinf) for __fpl_dretinf
    dmul.o(x$fpl$dmul) refers to dnaninf.o(x$fpl$dnaninf) for __fpl_dnaninf
    sin.o(i.__softfp_sin) refers (Special) to usenofp.o(x$fpl$usenofp) for __I$use$fp
    sin.o(i.__softfp_sin) refers to sin.o(i.sin) for sin
    sin.o(i.sin) refers (Special) to usenofp.o(x$fpl$usenofp) for __I$use$fp
    sin.o(i.sin) refers to _rserrno.o(.text) for __set_errno
    sin.o(i.sin) refers to dunder.o(i.__mathlib_dbl_invalid) for __mathlib_dbl_invalid
    sin.o(i.sin) refers to dunder.o(i.__mathlib_dbl_infnan) for __mathlib_dbl_infnan
    sin.o(i.sin) refers to rred.o(i.__ieee754_rem_pio2) for __ieee754_rem_pio2
    sin.o(i.sin) refers to cos_i.o(i.__kernel_cos) for __kernel_cos
    sin.o(i.sin) refers to sin_i.o(i.__kernel_sin) for __kernel_sin
    sin_x.o(i.____softfp_sin$lsc) refers (Special) to usenofp.o(x$fpl$usenofp) for __I$use$fp
    sin_x.o(i.____softfp_sin$lsc) refers to sin_x.o(i.__sin$lsc) for __sin$lsc
    sin_x.o(i.__sin$lsc) refers (Special) to usenofp.o(x$fpl$usenofp) for __I$use$fp
    sin_x.o(i.__sin$lsc) refers to _rserrno.o(.text) for __set_errno
    sin_x.o(i.__sin$lsc) refers to dunder.o(i.__mathlib_dbl_infnan) for __mathlib_dbl_infnan
    sin_x.o(i.__sin$lsc) refers to rred.o(i.__ieee754_rem_pio2) for __ieee754_rem_pio2
    sin_x.o(i.__sin$lsc) refers to cos_i.o(i.__kernel_cos) for __kernel_cos
    sin_x.o(i.__sin$lsc) refers to sin_i.o(i.__kernel_sin) for __kernel_sin
    __rtentry.o(.ARM.Collect$$rtentry$$00000000) refers (Special) to __rtentry2.o(.ARM.Collect$$rtentry$$0000000A) for __rt_entry_li
    __rtentry.o(.ARM.Collect$$rtentry$$00000000) refers (Special) to __rtentry2.o(.ARM.Collect$$rtentry$$0000000D) for __rt_entry_main
    __rtentry.o(.ARM.Collect$$rtentry$$00000000) refers (Special) to __rtentry2.o(.ARM.Collect$$rtentry$$0000000C) for __rt_entry_postli_1
    __rtentry.o(.ARM.Collect$$rtentry$$00000000) refers (Special) to __rtentry2.o(.ARM.Collect$$rtentry$$00000009) for __rt_entry_postsh_1
    __rtentry.o(.ARM.Collect$$rtentry$$00000000) refers (Special) to __rtentry2.o(.ARM.Collect$$rtentry$$00000002) for __rt_entry_presh_1
    __rtentry.o(.ARM.Collect$$rtentry$$00000000) refers (Special) to __rtentry4.o(.ARM.Collect$$rtentry$$00000004) for __rt_entry_sh
    _rserrno.o(.text) refers to rt_errno_addr_intlibspace.o(.text) for __aeabi_errno_addr
    dnaninf.o(x$fpl$dnaninf) refers (Special) to usenofp.o(x$fpl$usenofp) for __I$use$fp
    dretinf.o(x$fpl$dretinf) refers (Special) to usenofp.o(x$fpl$usenofp) for __I$use$fp
    cos_i.o(i.__kernel_cos) refers (Special) to usenofp.o(x$fpl$usenofp) for __I$use$fp
    cos_i.o(i.__kernel_cos) refers to dfix.o(x$fpl$dfix) for __aeabi_d2iz
    cos_i.o(i.__kernel_cos) refers to dmul.o(x$fpl$dmul) for __aeabi_dmul
    cos_i.o(i.__kernel_cos) refers to poly.o(i.__kernel_poly) for __kernel_poly
    cos_i.o(i.__kernel_cos) refers to daddsub_clz.o(x$fpl$dsub) for __aeabi_dsub
    cos_i.o(i.__kernel_cos) refers to scalbn.o(x$fpl$scalbn) for __ARM_scalbn
    cos_i.o(i.__kernel_cos) refers to daddsub_clz.o(x$fpl$drsb) for __aeabi_drsub
    cos_i.o(i.__kernel_cos) refers to cos_i.o(.constdata) for .constdata
    cos_i.o(.constdata) refers (Special) to usenofp.o(x$fpl$usenofp) for __I$use$fp
    dunder.o(i.__mathlib_dbl_divzero) refers to ddiv.o(x$fpl$ddiv) for __aeabi_ddiv
    dunder.o(i.__mathlib_dbl_infnan) refers to scalbn.o(x$fpl$scalbn) for __ARM_scalbn
    dunder.o(i.__mathlib_dbl_infnan2) refers to daddsub_clz.o(x$fpl$dadd) for __aeabi_dadd
    dunder.o(i.__mathlib_dbl_invalid) refers to ddiv.o(x$fpl$ddiv) for __aeabi_ddiv
    dunder.o(i.__mathlib_dbl_overflow) refers to scalbn.o(x$fpl$scalbn) for __ARM_scalbn
    dunder.o(i.__mathlib_dbl_posinfnan) refers to dmul.o(x$fpl$dmul) for __aeabi_dmul
    dunder.o(i.__mathlib_dbl_underflow) refers to scalbn.o(x$fpl$scalbn) for __ARM_scalbn
    rred.o(i.__ieee754_rem_pio2) refers (Special) to usenofp.o(x$fpl$usenofp) for __I$use$fp
    rred.o(i.__ieee754_rem_pio2) refers to daddsub_clz.o(x$fpl$dsub) for __aeabi_dsub
    rred.o(i.__ieee754_rem_pio2) refers to daddsub_clz.o(x$fpl$dadd) for __aeabi_dadd
    rred.o(i.__ieee754_rem_pio2) refers to dmul.o(x$fpl$dmul) for __aeabi_dmul
    rred.o(i.__ieee754_rem_pio2) refers to dfix.o(x$fpl$dfix) for __aeabi_d2iz
    rred.o(i.__ieee754_rem_pio2) refers to dflt_clz.o(x$fpl$dflt) for __aeabi_i2d
    rred.o(i.__ieee754_rem_pio2) refers to daddsub_clz.o(x$fpl$drsb) for __aeabi_drsub
    rred.o(i.__ieee754_rem_pio2) refers to dflt_clz.o(x$fpl$dfltu) for __aeabi_ui2d
    rred.o(i.__ieee754_rem_pio2) refers to scalbn.o(x$fpl$scalbn) for __ARM_scalbn
    rred.o(i.__ieee754_rem_pio2) refers to rred.o(.constdata) for .constdata
    rred.o(i.__use_accurate_range_reduction) refers (Special) to usenofp.o(x$fpl$usenofp) for __I$use$fp
    rred.o(.constdata) refers (Special) to usenofp.o(x$fpl$usenofp) for __I$use$fp
    sin_i.o(i.__kernel_sin) refers (Special) to usenofp.o(x$fpl$usenofp) for __I$use$fp
    sin_i.o(i.__kernel_sin) refers to fpclassify.o(i.__ARM_fpclassify) for __ARM_fpclassify
    sin_i.o(i.__kernel_sin) refers to dunder.o(i.__mathlib_dbl_underflow) for __mathlib_dbl_underflow
    sin_i.o(i.__kernel_sin) refers to dmul.o(x$fpl$dmul) for __aeabi_dmul
    sin_i.o(i.__kernel_sin) refers to poly.o(i.__kernel_poly) for __kernel_poly
    sin_i.o(i.__kernel_sin) refers to scalbn.o(x$fpl$scalbn) for __ARM_scalbn
    sin_i.o(i.__kernel_sin) refers to daddsub_clz.o(x$fpl$dsub) for __aeabi_dsub
    sin_i.o(i.__kernel_sin) refers to daddsub_clz.o(x$fpl$drsb) for __aeabi_drsub
    sin_i.o(i.__kernel_sin) refers to daddsub_clz.o(x$fpl$dadd) for __aeabi_dadd
    sin_i.o(i.__kernel_sin) refers to sin_i.o(.constdata) for .constdata
    sin_i.o(.constdata) refers (Special) to usenofp.o(x$fpl$usenofp) for __I$use$fp
    sin_i_x.o(i.____kernel_sin$lsc) refers (Special) to usenofp.o(x$fpl$usenofp) for __I$use$fp
    sin_i_x.o(i.____kernel_sin$lsc) refers to dmul.o(x$fpl$dmul) for __aeabi_dmul
    sin_i_x.o(i.____kernel_sin$lsc) refers to poly.o(i.__kernel_poly) for __kernel_poly
    sin_i_x.o(i.____kernel_sin$lsc) refers to scalbn.o(x$fpl$scalbn) for __ARM_scalbn
    sin_i_x.o(i.____kernel_sin$lsc) refers to daddsub_clz.o(x$fpl$dsub) for __aeabi_dsub
    sin_i_x.o(i.____kernel_sin$lsc) refers to daddsub_clz.o(x$fpl$drsb) for __aeabi_drsub
    sin_i_x.o(i.____kernel_sin$lsc) refers to daddsub_clz.o(x$fpl$dadd) for __aeabi_dadd
    sin_i_x.o(i.____kernel_sin$lsc) refers to sin_i_x.o(.constdata) for .constdata
    sin_i_x.o(.constdata) refers (Special) to usenofp.o(x$fpl$usenofp) for __I$use$fp
    __rtentry2.o(.ARM.Collect$$rtentry$$00000008) refers to boardinit2.o(.text) for _platform_post_stackheap_init
    __rtentry2.o(.ARM.Collect$$rtentry$$0000000A) refers to libinit.o(.ARM.Collect$$libinit$$00000000) for __rt_lib_init
    __rtentry2.o(.ARM.Collect$$rtentry$$0000000B) refers to boardinit3.o(.text) for _platform_post_lib_init
    __rtentry2.o(.ARM.Collect$$rtentry$$0000000D) refers to main.o(i.main) for main
    __rtentry2.o(.ARM.Collect$$rtentry$$0000000D) refers to exit.o(.text) for exit
    __rtentry2.o(.ARM.exidx) refers to __rtentry2.o(.ARM.Collect$$rtentry$$00000001) for .ARM.Collect$$rtentry$$00000001
    __rtentry2.o(.ARM.exidx) refers to __rtentry2.o(.ARM.Collect$$rtentry$$00000008) for .ARM.Collect$$rtentry$$00000008
    __rtentry2.o(.ARM.exidx) refers to __rtentry2.o(.ARM.Collect$$rtentry$$0000000A) for .ARM.Collect$$rtentry$$0000000A
    __rtentry2.o(.ARM.exidx) refers to __rtentry2.o(.ARM.Collect$$rtentry$$0000000B) for .ARM.Collect$$rtentry$$0000000B
    __rtentry2.o(.ARM.exidx) refers to __rtentry2.o(.ARM.Collect$$rtentry$$0000000D) for .ARM.Collect$$rtentry$$0000000D
    __rtentry4.o(.ARM.Collect$$rtentry$$00000004) refers to sys_stackheap_outer.o(.text) for __user_setup_stackheap
    __rtentry4.o(.ARM.exidx) refers to __rtentry4.o(.ARM.Collect$$rtentry$$00000004) for .ARM.Collect$$rtentry$$00000004
    rt_errno_addr.o(.text) refers to rt_errno_addr.o(.bss) for __aeabi_errno_addr_data
    rt_errno_addr_intlibspace.o(.text) refers to libspace.o(.bss) for __libspace_start
    dfix.o(x$fpl$dfix) refers (Special) to usenofp.o(x$fpl$usenofp) for __I$use$fp
    dfix.o(x$fpl$dfix) refers to dnaninf.o(x$fpl$dnaninf) for __fpl_dnaninf
    dfix.o(x$fpl$dfixr) refers (Special) to usenofp.o(x$fpl$usenofp) for __I$use$fp
    dfix.o(x$fpl$dfixr) refers to dnaninf.o(x$fpl$dnaninf) for __fpl_dnaninf
    scalbn.o(x$fpl$scalbn) refers (Special) to usenofp.o(x$fpl$usenofp) for __I$use$fp
    scalbn.o(x$fpl$scalbn) refers to dcheck1.o(x$fpl$dcheck1) for __fpl_dcheck_NaN1
    fpclassify.o(i.__ARM_fpclassify) refers (Special) to usenofp.o(x$fpl$usenofp) for __I$use$fp
    poly.o(i.__kernel_poly) refers (Special) to usenofp.o(x$fpl$usenofp) for __I$use$fp
    poly.o(i.__kernel_poly) refers to dmul.o(x$fpl$dmul) for __aeabi_dmul
    poly.o(i.__kernel_poly) refers to daddsub_clz.o(x$fpl$dadd) for __aeabi_dadd
    libspace.o(.text) refers to libspace.o(.bss) for __libspace_start
    sys_stackheap_outer.o(.text) refers to libspace.o(.text) for __user_perproc_libspace
    sys_stackheap_outer.o(.text) refers to startup_stm32f10x_md.o(.text) for __user_initial_stackheap
    exit.o(.text) refers to rtexit.o(.ARM.Collect$$rtexit$$00000000) for __rt_exit
    libinit.o(.ARM.Collect$$libinit$$00000000) refers (Special) to libinit2.o(.ARM.Collect$$libinit$$0000002E) for __rt_lib_init_alloca_1
    libinit.o(.ARM.Collect$$libinit$$00000000) refers (Special) to libinit2.o(.ARM.Collect$$libinit$$0000002C) for __rt_lib_init_argv_1
    libinit.o(.ARM.Collect$$libinit$$00000000) refers (Special) to libinit2.o(.ARM.Collect$$libinit$$0000001B) for __rt_lib_init_atexit_1
    libinit.o(.ARM.Collect$$libinit$$00000000) refers (Special) to libinit2.o(.ARM.Collect$$libinit$$00000021) for __rt_lib_init_clock_1
    libinit.o(.ARM.Collect$$libinit$$00000000) refers (Special) to libinit2.o(.ARM.Collect$$libinit$$00000032) for __rt_lib_init_cpp_1
    libinit.o(.ARM.Collect$$libinit$$00000000) refers (Special) to libinit2.o(.ARM.Collect$$libinit$$00000030) for __rt_lib_init_exceptions_1
    libinit.o(.ARM.Collect$$libinit$$00000000) refers (Special) to libinit2.o(.ARM.Collect$$libinit$$00000002) for __rt_lib_init_fp_1
    libinit.o(.ARM.Collect$$libinit$$00000000) refers (Special) to libinit2.o(.ARM.Collect$$libinit$$0000001F) for __rt_lib_init_fp_trap_1
    libinit.o(.ARM.Collect$$libinit$$00000000) refers (Special) to libinit2.o(.ARM.Collect$$libinit$$00000023) for __rt_lib_init_getenv_1
    libinit.o(.ARM.Collect$$libinit$$00000000) refers (Special) to libinit2.o(.ARM.Collect$$libinit$$0000000A) for __rt_lib_init_heap_1
    libinit.o(.ARM.Collect$$libinit$$00000000) refers (Special) to libinit2.o(.ARM.Collect$$libinit$$00000011) for __rt_lib_init_lc_collate_1
    libinit.o(.ARM.Collect$$libinit$$00000000) refers (Special) to libinit2.o(.ARM.Collect$$libinit$$00000013) for __rt_lib_init_lc_ctype_1
    libinit.o(.ARM.Collect$$libinit$$00000000) refers (Special) to libinit2.o(.ARM.Collect$$libinit$$00000015) for __rt_lib_init_lc_monetary_1
    libinit.o(.ARM.Collect$$libinit$$00000000) refers (Special) to libinit2.o(.ARM.Collect$$libinit$$00000017) for __rt_lib_init_lc_numeric_1
    libinit.o(.ARM.Collect$$libinit$$00000000) refers (Special) to libinit2.o(.ARM.Collect$$libinit$$00000019) for __rt_lib_init_lc_time_1
    libinit.o(.ARM.Collect$$libinit$$00000000) refers (Special) to libinit2.o(.ARM.Collect$$libinit$$00000004) for __rt_lib_init_preinit_1
    libinit.o(.ARM.Collect$$libinit$$00000000) refers (Special) to libinit2.o(.ARM.Collect$$libinit$$0000000E) for __rt_lib_init_rand_1
    libinit.o(.ARM.Collect$$libinit$$00000000) refers (Special) to libinit2.o(.ARM.Collect$$libinit$$00000033) for __rt_lib_init_return
    libinit.o(.ARM.Collect$$libinit$$00000000) refers (Special) to libinit2.o(.ARM.Collect$$libinit$$0000001D) for __rt_lib_init_signal_1
    libinit.o(.ARM.Collect$$libinit$$00000000) refers (Special) to libinit2.o(.ARM.Collect$$libinit$$00000025) for __rt_lib_init_stdio_1
    libinit.o(.ARM.Collect$$libinit$$00000000) refers (Special) to libinit2.o(.ARM.Collect$$libinit$$0000000C) for __rt_lib_init_user_alloc_1
    dcheck1.o(x$fpl$dcheck1) refers (Special) to usenofp.o(x$fpl$usenofp) for __I$use$fp
    dcheck1.o(x$fpl$dcheck1) refers to retnan.o(x$fpl$retnan) for __fpl_return_NaN
    rtexit.o(.ARM.Collect$$rtexit$$00000000) refers (Special) to rtexit2.o(.ARM.Collect$$rtexit$$00000004) for __rt_exit_exit
    rtexit.o(.ARM.Collect$$rtexit$$00000000) refers (Special) to rtexit2.o(.ARM.Collect$$rtexit$$00000003) for __rt_exit_ls
    rtexit.o(.ARM.Collect$$rtexit$$00000000) refers (Special) to rtexit2.o(.ARM.Collect$$rtexit$$00000002) for __rt_exit_prels_1
    rtexit.o(.ARM.exidx) refers (Special) to rtexit2.o(.ARM.Collect$$rtexit$$00000004) for __rt_exit_exit
    rtexit.o(.ARM.exidx) refers (Special) to rtexit2.o(.ARM.Collect$$rtexit$$00000003) for __rt_exit_ls
    rtexit.o(.ARM.exidx) refers (Special) to rtexit2.o(.ARM.Collect$$rtexit$$00000002) for __rt_exit_prels_1
    rtexit.o(.ARM.exidx) refers to rtexit.o(.ARM.Collect$$rtexit$$00000000) for .ARM.Collect$$rtexit$$00000000
    libinit2.o(.ARM.Collect$$libinit$$00000010) refers to libinit2.o(.ARM.Collect$$libinit$$0000000F) for .ARM.Collect$$libinit$$0000000F
    libinit2.o(.ARM.Collect$$libinit$$00000012) refers to libinit2.o(.ARM.Collect$$libinit$$0000000F) for .ARM.Collect$$libinit$$0000000F
    libinit2.o(.ARM.Collect$$libinit$$00000014) refers to libinit2.o(.ARM.Collect$$libinit$$0000000F) for .ARM.Collect$$libinit$$0000000F
    libinit2.o(.ARM.Collect$$libinit$$00000016) refers to libinit2.o(.ARM.Collect$$libinit$$0000000F) for .ARM.Collect$$libinit$$0000000F
    libinit2.o(.ARM.Collect$$libinit$$00000018) refers to libinit2.o(.ARM.Collect$$libinit$$0000000F) for .ARM.Collect$$libinit$$0000000F
    libinit2.o(.ARM.Collect$$libinit$$00000026) refers to argv_veneer.o(.emb_text) for __ARM_argv_veneer
    libinit2.o(.ARM.Collect$$libinit$$00000027) refers to argv_veneer.o(.emb_text) for __ARM_argv_veneer
    retnan.o(x$fpl$retnan) refers (Special) to usenofp.o(x$fpl$usenofp) for __I$use$fp
    retnan.o(x$fpl$retnan) refers to trapv.o(x$fpl$trapveneer) for __fpl_cmpreturn
    rtexit2.o(.ARM.Collect$$rtexit$$00000003) refers to libshutdown.o(.ARM.Collect$$libshutdown$$00000000) for __rt_lib_shutdown
    rtexit2.o(.ARM.Collect$$rtexit$$00000004) refers to sys_exit.o(.text) for _sys_exit
    rtexit2.o(.ARM.exidx) refers to rtexit2.o(.ARM.Collect$$rtexit$$00000001) for .ARM.Collect$$rtexit$$00000001
    rtexit2.o(.ARM.exidx) refers to rtexit2.o(.ARM.Collect$$rtexit$$00000003) for .ARM.Collect$$rtexit$$00000003
    rtexit2.o(.ARM.exidx) refers to rtexit2.o(.ARM.Collect$$rtexit$$00000004) for .ARM.Collect$$rtexit$$00000004
    argv_veneer.o(.emb_text) refers to no_argv.o(.text) for __ARM_get_argv
    trapv.o(x$fpl$trapveneer) refers (Special) to usenofp.o(x$fpl$usenofp) for __I$use$fp
    sys_exit.o(.text) refers (Special) to use_no_semi.o(.text) for __I$use$semihosting
    sys_exit.o(.text) refers (Special) to indicate_semi.o(.text) for __semihosting_library_function
    _get_argv_nomalloc.o(.text) refers (Special) to hrguard.o(.text) for __heap_region$guard
    _get_argv_nomalloc.o(.text) refers to defsig_rtmem_outer.o(.text) for __rt_SIGRTMEM
    _get_argv_nomalloc.o(.text) refers to sys_command.o(.text) for _sys_command_string
    libshutdown.o(.ARM.Collect$$libshutdown$$00000000) refers (Special) to libshutdown2.o(.ARM.Collect$$libshutdown$$00000004) for __rt_lib_shutdown_cpp_1
    libshutdown.o(.ARM.Collect$$libshutdown$$00000000) refers (Special) to libshutdown2.o(.ARM.Collect$$libshutdown$$00000002) for __rt_lib_shutdown_fini_1
    libshutdown.o(.ARM.Collect$$libshutdown$$00000000) refers (Special) to libshutdown2.o(.ARM.Collect$$libshutdown$$00000009) for __rt_lib_shutdown_fp_trap_1
    libshutdown.o(.ARM.Collect$$libshutdown$$00000000) refers (Special) to libshutdown2.o(.ARM.Collect$$libshutdown$$00000011) for __rt_lib_shutdown_heap_1
    libshutdown.o(.ARM.Collect$$libshutdown$$00000000) refers (Special) to libshutdown2.o(.ARM.Collect$$libshutdown$$00000012) for __rt_lib_shutdown_return
    libshutdown.o(.ARM.Collect$$libshutdown$$00000000) refers (Special) to libshutdown2.o(.ARM.Collect$$libshutdown$$0000000C) for __rt_lib_shutdown_signal_1
    libshutdown.o(.ARM.Collect$$libshutdown$$00000000) refers (Special) to libshutdown2.o(.ARM.Collect$$libshutdown$$00000006) for __rt_lib_shutdown_stdio_1
    libshutdown.o(.ARM.Collect$$libshutdown$$00000000) refers (Special) to libshutdown2.o(.ARM.Collect$$libshutdown$$0000000E) for __rt_lib_shutdown_user_alloc_1
    sys_command.o(.text) refers (Special) to use_no_semi.o(.text) for __I$use$semihosting
    sys_command.o(.text) refers (Special) to indicate_semi.o(.text) for __semihosting_library_function
    defsig_rtmem_outer.o(.text) refers to defsig_rtmem_inner.o(.text) for __rt_SIGRTMEM_inner
    defsig_rtmem_outer.o(.text) refers to defsig_exit.o(.text) for __sig_exit
    defsig_rtmem_formal.o(.text) refers to rt_raise.o(.text) for __rt_raise
    rt_raise.o(.text) refers to __raise.o(.text) for __raise
    rt_raise.o(.text) refers to sys_exit.o(.text) for _sys_exit
    defsig_exit.o(.text) refers to sys_exit.o(.text) for _sys_exit
    defsig_rtmem_inner.o(.text) refers to defsig_general.o(.text) for __default_signal_display
    __raise.o(.text) refers to defsig.o(CL$$defsig) for __default_signal_handler
    defsig_general.o(.text) refers to sys_wrch.o(.text) for _ttywrch
    sys_wrch.o(.text) refers (Special) to use_no_semi.o(.text) for __I$use$semihosting
    sys_wrch.o(.text) refers (Special) to indicate_semi.o(.text) for __semihosting_library_function
    defsig.o(CL$$defsig) refers to defsig_rtmem_inner.o(.text) for __rt_SIGRTMEM_inner
    defsig_abrt_inner.o(.text) refers to defsig_general.o(.text) for __default_signal_display
    defsig_fpe_inner.o(.text) refers to defsig_general.o(.text) for __default_signal_display
    defsig_rtred_inner.o(.text) refers to defsig_general.o(.text) for __default_signal_display
    defsig_stak_inner.o(.text) refers to defsig_general.o(.text) for __default_signal_display
    defsig_pvfn_inner.o(.text) refers to defsig_general.o(.text) for __default_signal_display
    defsig_cppl_inner.o(.text) refers to defsig_general.o(.text) for __default_signal_display
    defsig_segv_inner.o(.text) refers to defsig_general.o(.text) for __default_signal_display
    defsig_other.o(.text) refers to defsig_general.o(.text) for __default_signal_display


==============================================================================

Removing Unused input sections from the image.

    Removing main.o(.rev16_text), (4 bytes).
    Removing main.o(.revsh_text), (4 bytes).
    Removing main.o(.rrx_text), (6 bytes).
    Removing delay.o(.rev16_text), (4 bytes).
    Removing delay.o(.revsh_text), (4 bytes).
    Removing delay.o(.rrx_text), (6 bytes).
    Removing delay.o(i.Delay_ms), (24 bytes).
    Removing delay.o(i.initSysTickInterrupt), (36 bytes).
    Removing system_stm32f10x.o(.rev16_text), (4 bytes).
    Removing system_stm32f10x.o(.revsh_text), (4 bytes).
    Removing system_stm32f10x.o(.rrx_text), (6 bytes).
    Removing system_stm32f10x.o(i.SystemCoreClockUpdate), (164 bytes).
    Removing system_stm32f10x.o(.data), (20 bytes).

13 unused section(s) (total 286 bytes) removed from the image.

==============================================================================

Image Symbol Table

    Local Symbols

    Symbol Name                              Value     Ov Type        Size  Object(Section)

    ../clib/angel/boardlib.s                 0x00000000   Number         0  boardinit2.o ABSOLUTE
    ../clib/angel/boardlib.s                 0x00000000   Number         0  boardshut.o ABSOLUTE
    ../clib/angel/boardlib.s                 0x00000000   Number         0  boardinit3.o ABSOLUTE
    ../clib/angel/boardlib.s                 0x00000000   Number         0  boardinit1.o ABSOLUTE
    ../clib/angel/handlers.s                 0x00000000   Number         0  __scatter_zi.o ABSOLUTE
    ../clib/angel/handlers.s                 0x00000000   Number         0  __scatter_copy.o ABSOLUTE
    ../clib/angel/kernel.s                   0x00000000   Number         0  __rtentry4.o ABSOLUTE
    ../clib/angel/kernel.s                   0x00000000   Number         0  __rtentry2.o ABSOLUTE
    ../clib/angel/kernel.s                   0x00000000   Number         0  rtexit.o ABSOLUTE
    ../clib/angel/kernel.s                   0x00000000   Number         0  __rtentry.o ABSOLUTE
    ../clib/angel/kernel.s                   0x00000000   Number         0  rtexit2.o ABSOLUTE
    ../clib/angel/rt.s                       0x00000000   Number         0  rt_raise.o ABSOLUTE
    ../clib/angel/rt.s                       0x00000000   Number         0  rt_errno_addr.o ABSOLUTE
    ../clib/angel/rt.s                       0x00000000   Number         0  rt_errno_addr_intlibspace.o ABSOLUTE
    ../clib/angel/scatter.s                  0x00000000   Number         0  __scatter.o ABSOLUTE
    ../clib/angel/startup.s                  0x00000000   Number         0  __main.o ABSOLUTE
    ../clib/angel/sys.s                      0x00000000   Number         0  indicate_semi.o ABSOLUTE
    ../clib/angel/sys.s                      0x00000000   Number         0  use_no_semi.o ABSOLUTE
    ../clib/angel/sys.s                      0x00000000   Number         0  libspace.o ABSOLUTE
    ../clib/angel/sys.s                      0x00000000   Number         0  sys_stackheap_outer.o ABSOLUTE
    ../clib/angel/sysapp.c                   0x00000000   Number         0  sys_command.o ABSOLUTE
    ../clib/angel/sysapp.c                   0x00000000   Number         0  sys_exit.o ABSOLUTE
    ../clib/angel/sysapp.c                   0x00000000   Number         0  sys_wrch.o ABSOLUTE
    ../clib/armsys.c                         0x00000000   Number         0  argv_veneer.o ABSOLUTE
    ../clib/armsys.c                         0x00000000   Number         0  _get_argv_nomalloc.o ABSOLUTE
    ../clib/armsys.c                         0x00000000   Number         0  argv_veneer.o ABSOLUTE
    ../clib/armsys.c                         0x00000000   Number         0  no_argv.o ABSOLUTE
    ../clib/fenv.c                           0x00000000   Number         0  _rserrno.o ABSOLUTE
    ../clib/heapalloc.c                      0x00000000   Number         0  hrguard.o ABSOLUTE
    ../clib/heapaux.c                        0x00000000   Number         0  heapauxi.o ABSOLUTE
    ../clib/libinit.s                        0x00000000   Number         0  libshutdown.o ABSOLUTE
    ../clib/libinit.s                        0x00000000   Number         0  libshutdown2.o ABSOLUTE
    ../clib/libinit.s                        0x00000000   Number         0  libinit.o ABSOLUTE
    ../clib/libinit.s                        0x00000000   Number         0  libinit2.o ABSOLUTE
    ../clib/signal.c                         0x00000000   Number         0  defsig_stak_inner.o ABSOLUTE
    ../clib/signal.c                         0x00000000   Number         0  defsig_rtred_inner.o ABSOLUTE
    ../clib/signal.c                         0x00000000   Number         0  defsig_fpe_inner.o ABSOLUTE
    ../clib/signal.c                         0x00000000   Number         0  defsig_abrt_inner.o ABSOLUTE
    ../clib/signal.c                         0x00000000   Number         0  defsig_rtmem_outer.o ABSOLUTE
    ../clib/signal.c                         0x00000000   Number         0  defsig_rtmem_formal.o ABSOLUTE
    ../clib/signal.c                         0x00000000   Number         0  defsig_exit.o ABSOLUTE
    ../clib/signal.c                         0x00000000   Number         0  defsig_rtmem_inner.o ABSOLUTE
    ../clib/signal.c                         0x00000000   Number         0  defsig_pvfn_inner.o ABSOLUTE
    ../clib/signal.c                         0x00000000   Number         0  defsig_cppl_inner.o ABSOLUTE
    ../clib/signal.c                         0x00000000   Number         0  defsig_segv_inner.o ABSOLUTE
    ../clib/signal.c                         0x00000000   Number         0  defsig_other.o ABSOLUTE
    ../clib/signal.c                         0x00000000   Number         0  __raise.o ABSOLUTE
    ../clib/signal.c                         0x00000000   Number         0  defsig_general.o ABSOLUTE
    ../clib/signal.s                         0x00000000   Number         0  defsig.o ABSOLUTE
    ../clib/stdlib.c                         0x00000000   Number         0  exit.o ABSOLUTE
    ../fplib/daddsub.s                       0x00000000   Number         0  daddsub_clz.o ABSOLUTE
    ../fplib/dcheck1.s                       0x00000000   Number         0  dcheck1.o ABSOLUTE
    ../fplib/ddiv.s                          0x00000000   Number         0  ddiv.o ABSOLUTE
    ../fplib/dfix.s                          0x00000000   Number         0  dfix.o ABSOLUTE
    ../fplib/dfixu.s                         0x00000000   Number         0  dfixu.o ABSOLUTE
    ../fplib/dflt.s                          0x00000000   Number         0  dflt_clz.o ABSOLUTE
    ../fplib/dmul.s                          0x00000000   Number         0  dmul.o ABSOLUTE
    ../fplib/dnaninf.s                       0x00000000   Number         0  dnaninf.o ABSOLUTE
    ../fplib/dretinf.s                       0x00000000   Number         0  dretinf.o ABSOLUTE
    ../fplib/fpinit.s                        0x00000000   Number         0  fpinit.o ABSOLUTE
    ../fplib/retnan.s                        0x00000000   Number         0  retnan.o ABSOLUTE
    ../fplib/scalbn.s                        0x00000000   Number         0  scalbn.o ABSOLUTE
    ../fplib/trapv.s                         0x00000000   Number         0  trapv.o ABSOLUTE
    ../fplib/usenofp.s                       0x00000000   Number         0  usenofp.o ABSOLUTE
    ../mathlib/cos_i.c                       0x00000000   Number         0  cos_i.o ABSOLUTE
    ../mathlib/dunder.c                      0x00000000   Number         0  dunder.o ABSOLUTE
    ../mathlib/fpclassify.c                  0x00000000   Number         0  fpclassify.o ABSOLUTE
    ../mathlib/poly.c                        0x00000000   Number         0  poly.o ABSOLUTE
    ../mathlib/rred.c                        0x00000000   Number         0  rred.o ABSOLUTE
    ../mathlib/sin.c                         0x00000000   Number         0  sin_x.o ABSOLUTE
    ../mathlib/sin.c                         0x00000000   Number         0  sin.o ABSOLUTE
    ../mathlib/sin_i.c                       0x00000000   Number         0  sin_i_x.o ABSOLUTE
    ../mathlib/sin_i.c                       0x00000000   Number         0  sin_i.o ABSOLUTE
    Delay.c                                  0x00000000   Number         0  delay.o ABSOLUTE
    Delay.c                                  0x00000000   Number         0  delay.o ABSOLUTE
    Main.c                                   0x00000000   Number         0  main.o ABSOLUTE
    Main.c                                   0x00000000   Number         0  main.o ABSOLUTE
    RTE/Device/STM32F103C8/startup_stm32f10x_md.s 0x00000000   Number         0  startup_stm32f10x_md.o ABSOLUTE
    RTE/Device/STM32F103C8/system_stm32f10x.c 0x00000000   Number         0  system_stm32f10x.o ABSOLUTE
    RTE\Device\STM32F103C8\system_stm32f10x.c 0x00000000   Number         0  system_stm32f10x.o ABSOLUTE
    dc.s                                     0x00000000   Number         0  dc.o ABSOLUTE
    RESET                                    0x08000000   Section      236  startup_stm32f10x_md.o(RESET)
    !!!main                                  0x080000ec   Section        8  __main.o(!!!main)
    !!!scatter                               0x080000f4   Section       52  __scatter.o(!!!scatter)
    !!handler_copy                           0x08000128   Section       26  __scatter_copy.o(!!handler_copy)
    !!handler_zi                             0x08000144   Section       28  __scatter_zi.o(!!handler_zi)
    .ARM.Collect$$libinit$$00000000          0x08000160   Section        2  libinit.o(.ARM.Collect$$libinit$$00000000)
    .ARM.Collect$$libinit$$00000002          0x08000162   Section        0  libinit2.o(.ARM.Collect$$libinit$$00000002)
    .ARM.Collect$$libinit$$00000004          0x08000162   Section        0  libinit2.o(.ARM.Collect$$libinit$$00000004)
    .ARM.Collect$$libinit$$0000000A          0x08000162   Section        0  libinit2.o(.ARM.Collect$$libinit$$0000000A)
    .ARM.Collect$$libinit$$0000000C          0x08000162   Section        0  libinit2.o(.ARM.Collect$$libinit$$0000000C)
    .ARM.Collect$$libinit$$0000000E          0x08000162   Section        0  libinit2.o(.ARM.Collect$$libinit$$0000000E)
    .ARM.Collect$$libinit$$00000011          0x08000162   Section        0  libinit2.o(.ARM.Collect$$libinit$$00000011)
    .ARM.Collect$$libinit$$00000013          0x08000162   Section        0  libinit2.o(.ARM.Collect$$libinit$$00000013)
    .ARM.Collect$$libinit$$00000015          0x08000162   Section        0  libinit2.o(.ARM.Collect$$libinit$$00000015)
    .ARM.Collect$$libinit$$00000017          0x08000162   Section        0  libinit2.o(.ARM.Collect$$libinit$$00000017)
    .ARM.Collect$$libinit$$00000019          0x08000162   Section        0  libinit2.o(.ARM.Collect$$libinit$$00000019)
    .ARM.Collect$$libinit$$0000001B          0x08000162   Section        0  libinit2.o(.ARM.Collect$$libinit$$0000001B)
    .ARM.Collect$$libinit$$0000001D          0x08000162   Section        0  libinit2.o(.ARM.Collect$$libinit$$0000001D)
    .ARM.Collect$$libinit$$0000001F          0x08000162   Section        0  libinit2.o(.ARM.Collect$$libinit$$0000001F)
    .ARM.Collect$$libinit$$00000021          0x08000162   Section        0  libinit2.o(.ARM.Collect$$libinit$$00000021)
    .ARM.Collect$$libinit$$00000023          0x08000162   Section        0  libinit2.o(.ARM.Collect$$libinit$$00000023)
    .ARM.Collect$$libinit$$00000025          0x08000162   Section        0  libinit2.o(.ARM.Collect$$libinit$$00000025)
    .ARM.Collect$$libinit$$0000002C          0x08000162   Section        0  libinit2.o(.ARM.Collect$$libinit$$0000002C)
    .ARM.Collect$$libinit$$0000002E          0x08000162   Section        0  libinit2.o(.ARM.Collect$$libinit$$0000002E)
    .ARM.Collect$$libinit$$00000030          0x08000162   Section        0  libinit2.o(.ARM.Collect$$libinit$$00000030)
    .ARM.Collect$$libinit$$00000032          0x08000162   Section        0  libinit2.o(.ARM.Collect$$libinit$$00000032)
    .ARM.Collect$$libinit$$00000033          0x08000162   Section        2  libinit2.o(.ARM.Collect$$libinit$$00000033)
    .ARM.Collect$$libshutdown$$00000000      0x08000164   Section        2  libshutdown.o(.ARM.Collect$$libshutdown$$00000000)
    .ARM.Collect$$libshutdown$$00000002      0x08000166   Section        0  libshutdown2.o(.ARM.Collect$$libshutdown$$00000002)
    .ARM.Collect$$libshutdown$$00000004      0x08000166   Section        0  libshutdown2.o(.ARM.Collect$$libshutdown$$00000004)
    .ARM.Collect$$libshutdown$$00000006      0x08000166   Section        0  libshutdown2.o(.ARM.Collect$$libshutdown$$00000006)
    .ARM.Collect$$libshutdown$$00000009      0x08000166   Section        0  libshutdown2.o(.ARM.Collect$$libshutdown$$00000009)
    .ARM.Collect$$libshutdown$$0000000C      0x08000166   Section        0  libshutdown2.o(.ARM.Collect$$libshutdown$$0000000C)
    .ARM.Collect$$libshutdown$$0000000E      0x08000166   Section        0  libshutdown2.o(.ARM.Collect$$libshutdown$$0000000E)
    .ARM.Collect$$libshutdown$$00000011      0x08000166   Section        0  libshutdown2.o(.ARM.Collect$$libshutdown$$00000011)
    .ARM.Collect$$libshutdown$$00000012      0x08000166   Section        2  libshutdown2.o(.ARM.Collect$$libshutdown$$00000012)
    .ARM.Collect$$rtentry$$00000000          0x08000168   Section        0  __rtentry.o(.ARM.Collect$$rtentry$$00000000)
    .ARM.Collect$$rtentry$$00000002          0x08000168   Section        0  __rtentry2.o(.ARM.Collect$$rtentry$$00000002)
    .ARM.Collect$$rtentry$$00000004          0x08000168   Section        6  __rtentry4.o(.ARM.Collect$$rtentry$$00000004)
    .ARM.Collect$$rtentry$$00000009          0x0800016e   Section        0  __rtentry2.o(.ARM.Collect$$rtentry$$00000009)
    .ARM.Collect$$rtentry$$0000000A          0x0800016e   Section        4  __rtentry2.o(.ARM.Collect$$rtentry$$0000000A)
    .ARM.Collect$$rtentry$$0000000C          0x08000172   Section        0  __rtentry2.o(.ARM.Collect$$rtentry$$0000000C)
    .ARM.Collect$$rtentry$$0000000D          0x08000172   Section        8  __rtentry2.o(.ARM.Collect$$rtentry$$0000000D)
    .ARM.Collect$$rtexit$$00000000           0x0800017a   Section        2  rtexit.o(.ARM.Collect$$rtexit$$00000000)
    .ARM.Collect$$rtexit$$00000002           0x0800017c   Section        0  rtexit2.o(.ARM.Collect$$rtexit$$00000002)
    .ARM.Collect$$rtexit$$00000003           0x0800017c   Section        4  rtexit2.o(.ARM.Collect$$rtexit$$00000003)
    .ARM.Collect$$rtexit$$00000004           0x08000180   Section        6  rtexit2.o(.ARM.Collect$$rtexit$$00000004)
    .text                                    0x08000188   Section       64  startup_stm32f10x_md.o(.text)
    .text                                    0x080001c8   Section        0  heapauxi.o(.text)
    .text                                    0x080001ce   Section        0  _rserrno.o(.text)
    .text                                    0x080001e4   Section        8  rt_errno_addr_intlibspace.o(.text)
    .text                                    0x080001ec   Section        8  libspace.o(.text)
    .text                                    0x080001f4   Section       74  sys_stackheap_outer.o(.text)
    .text                                    0x0800023e   Section        0  exit.o(.text)
    .text                                    0x08000250   Section        0  sys_exit.o(.text)
    .text                                    0x0800025c   Section        2  use_no_semi.o(.text)
    .text                                    0x0800025e   Section        0  indicate_semi.o(.text)
    i.ADC1_2_IRQHandler                      0x08000260   Section        0  main.o(i.ADC1_2_IRQHandler)
    i.ADC_conf                               0x0800028c   Section        0  main.o(i.ADC_conf)
    i.ADC_start                              0x080002e4   Section        0  main.o(i.ADC_start)
    i.EXTI15_10_IRQHandler                   0x08000318   Section        0  main.o(i.EXTI15_10_IRQHandler)
    i.EXTI_Config                            0x080003b0   Section        0  main.o(i.EXTI_Config)
    i.PinConf                                0x08000430   Section        0  main.o(i.PinConf)
    i.SetSysClock                            0x08000490   Section        0  system_stm32f10x.o(i.SetSysClock)
    SetSysClock                              0x08000491   Thumb Code     8  system_stm32f10x.o(i.SetSysClock)
    i.SetSysClockTo72                        0x08000498   Section        0  system_stm32f10x.o(i.SetSysClockTo72)
    SetSysClockTo72                          0x08000499   Thumb Code   214  system_stm32f10x.o(i.SetSysClockTo72)
    i.SineTable_Init                         0x08000578   Section        0  main.o(i.SineTable_Init)
    i.SquareTable_Init                       0x08000608   Section        0  main.o(i.SquareTable_Init)
    i.SysClkConf                             0x08000634   Section        0  main.o(i.SysClkConf)
    i.SysTick_Handler                        0x080006f4   Section        0  delay.o(i.SysTick_Handler)
    i.SystemInit                             0x08000704   Section        0  system_stm32f10x.o(i.SystemInit)
    i.TIM3_IRQHandler                        0x08000764   Section        0  main.o(i.TIM3_IRQHandler)
    i.Timer3_DAC_Config                      0x08000828   Section        0  main.o(i.Timer3_DAC_Config)
    i.TriangleTable_Init                     0x0800088c   Section        0  main.o(i.TriangleTable_Init)
    i.__ARM_fpclassify                       0x080008e4   Section        0  fpclassify.o(i.__ARM_fpclassify)
    i.__NVIC_EnableIRQ                       0x0800090c   Section        0  main.o(i.__NVIC_EnableIRQ)
    __NVIC_EnableIRQ                         0x0800090d   Thumb Code    34  main.o(i.__NVIC_EnableIRQ)
    i.__NVIC_SetPriority                     0x08000930   Section        0  main.o(i.__NVIC_SetPriority)
    __NVIC_SetPriority                       0x08000931   Thumb Code    32  main.o(i.__NVIC_SetPriority)
    i.__ieee754_rem_pio2                     0x08000958   Section        0  rred.o(i.__ieee754_rem_pio2)
    i.__kernel_cos                           0x08000ce0   Section        0  cos_i.o(i.__kernel_cos)
    i.__kernel_poly                          0x08000ddc   Section        0  poly.o(i.__kernel_poly)
    i.__kernel_sin                           0x08000e88   Section        0  sin_i.o(i.__kernel_sin)
    i.__mathlib_dbl_infnan                   0x08000f74   Section        0  dunder.o(i.__mathlib_dbl_infnan)
    i.__mathlib_dbl_invalid                  0x08000f7a   Section        0  dunder.o(i.__mathlib_dbl_invalid)
    i.__mathlib_dbl_underflow                0x08000f88   Section        0  dunder.o(i.__mathlib_dbl_underflow)
    i.delay_ms                               0x08000f98   Section        0  main.o(i.delay_ms)
    i.main                                   0x08000fb4   Section        0  main.o(i.main)
    i.reset_pusle_index                      0x08001048   Section        0  main.o(i.reset_pusle_index)
    i.sin                                    0x08001064   Section        0  sin.o(i.sin)
    x$fpl$dadd                               0x08001104   Section      336  daddsub_clz.o(x$fpl$dadd)
    _dadd1                                   0x08001115   Thumb Code     0  daddsub_clz.o(x$fpl$dadd)
    x$fpl$dcheck1                            0x08001254   Section       16  dcheck1.o(x$fpl$dcheck1)
    x$fpl$ddiv                               0x08001264   Section      688  ddiv.o(x$fpl$ddiv)
    ddiv_entry                               0x0800126b   Thumb Code     0  ddiv.o(x$fpl$ddiv)
    x$fpl$dfix                               0x08001514   Section       94  dfix.o(x$fpl$dfix)
    x$fpl$dfixu                              0x08001574   Section       90  dfixu.o(x$fpl$dfixu)
    x$fpl$dflt                               0x080015ce   Section       46  dflt_clz.o(x$fpl$dflt)
    x$fpl$dfltu                              0x080015fc   Section       38  dflt_clz.o(x$fpl$dfltu)
    x$fpl$dmul                               0x08001624   Section      340  dmul.o(x$fpl$dmul)
    x$fpl$dnaninf                            0x08001778   Section      156  dnaninf.o(x$fpl$dnaninf)
    x$fpl$dretinf                            0x08001814   Section       12  dretinf.o(x$fpl$dretinf)
    x$fpl$drsb                               0x08001820   Section       22  daddsub_clz.o(x$fpl$drsb)
    x$fpl$dsub                               0x08001838   Section      468  daddsub_clz.o(x$fpl$dsub)
    _dsub1                                   0x08001849   Thumb Code     0  daddsub_clz.o(x$fpl$dsub)
    x$fpl$retnan                             0x08001a0c   Section      100  retnan.o(x$fpl$retnan)
    x$fpl$scalbn                             0x08001a70   Section       92  scalbn.o(x$fpl$scalbn)
    x$fpl$trapveneer                         0x08001acc   Section       48  trapv.o(x$fpl$trapveneer)
    x$fpl$usenofp                            0x08001afc   Section        0  usenofp.o(x$fpl$usenofp)
    .constdata                               0x08001b00   Section       48  cos_i.o(.constdata)
    C                                        0x08001b00   Data          48  cos_i.o(.constdata)
    .constdata                               0x08001b30   Section      200  rred.o(.constdata)
    pio2s                                    0x08001b30   Data          48  rred.o(.constdata)
    twooverpi                                0x08001b60   Data         152  rred.o(.constdata)
    .constdata                               0x08001bf8   Section       40  sin_i.o(.constdata)
    S                                        0x08001bf8   Data          40  sin_i.o(.constdata)
    .data                                    0x20000000   Section       46  main.o(.data)
    vol                                      0x20000000   Data           4  main.o(.data)
    DR_value                                 0x20000004   Data           4  main.o(.data)
    CR_value                                 0x20000008   Data           4  main.o(.data)
    CFGR_value                               0x2000000c   Data           4  main.o(.data)
    ODR_value                                0x20000010   Data           4  main.o(.data)
    choice                                   0x20000014   Data           4  main.o(.data)
    freq_choice                              0x20000018   Data           4  main.o(.data)
    freq_choice_changed                      0x2000001c   Data           4  main.o(.data)
    freq_table                               0x20000020   Data           8  main.o(.data)
    triangle_index                           0x20000028   Data           2  main.o(.data)
    sine_index                               0x2000002a   Data           2  main.o(.data)
    square_index                             0x2000002c   Data           2  main.o(.data)
    .data                                    0x20000030   Section        4  delay.o(.data)
    .bss                                     0x20000034   Section     1536  main.o(.bss)
    sine_table                               0x20000034   Data         512  main.o(.bss)
    triangle_table                           0x20000234   Data         512  main.o(.bss)
    square_table                             0x20000434   Data         512  main.o(.bss)
    .bss                                     0x20000634   Section       96  libspace.o(.bss)
    HEAP                                     0x20000698   Section      512  startup_stm32f10x_md.o(HEAP)
    Heap_Mem                                 0x20000698   Data         512  startup_stm32f10x_md.o(HEAP)
    STACK                                    0x20000898   Section     1024  startup_stm32f10x_md.o(STACK)
    Stack_Mem                                0x20000898   Data        1024  startup_stm32f10x_md.o(STACK)
    __initial_sp                             0x20000c98   Data           0  startup_stm32f10x_md.o(STACK)

    Global Symbols

    Symbol Name                              Value     Ov Type        Size  Object(Section)

    BuildAttributes$$THM_ISAv4$P$D$K$B$S$PE$A:L22UL41UL21$X:L11$S22US41US21$IEEE1$IW$USESV6$~STKCKD$USESV7$~SHL$OTIME$ROPI$IEEEX$EBA8$UX$STANDARDLIB$REQ8$PRES8$EABIv2 0x00000000   Number         0  anon$$obj.o ABSOLUTE
    __ARM_use_no_argv                        0x00000000   Number         0  main.o ABSOLUTE
    __ARM_exceptions_init                     - Undefined Weak Reference
    __alloca_initialize                       - Undefined Weak Reference
    __arm_fini_                               - Undefined Weak Reference
    __arm_preinit_                            - Undefined Weak Reference
    __cpp_initialize__aeabi_                  - Undefined Weak Reference
    __cxa_finalize                            - Undefined Weak Reference
    __rt_locale                               - Undefined Weak Reference
    __sigvec_lookup                           - Undefined Weak Reference
    _atexit_init                              - Undefined Weak Reference
    _call_atexit_fns                          - Undefined Weak Reference
    _clock_init                               - Undefined Weak Reference
    _fp_trap_init                             - Undefined Weak Reference
    _fp_trap_shutdown                         - Undefined Weak Reference
    _get_lc_collate                           - Undefined Weak Reference
    _get_lc_ctype                             - Undefined Weak Reference
    _get_lc_monetary                          - Undefined Weak Reference
    _get_lc_numeric                           - Undefined Weak Reference
    _get_lc_time                              - Undefined Weak Reference
    _getenv_init                              - Undefined Weak Reference
    _handle_redirection                       - Undefined Weak Reference
    _init_alloc                               - Undefined Weak Reference
    _init_user_alloc                          - Undefined Weak Reference
    _initio                                   - Undefined Weak Reference
    _rand_init                                - Undefined Weak Reference
    _signal_finish                            - Undefined Weak Reference
    _signal_init                              - Undefined Weak Reference
    _terminate_alloc                          - Undefined Weak Reference
    _terminate_user_alloc                     - Undefined Weak Reference
    _terminateio                              - Undefined Weak Reference
    __Vectors_Size                           0x000000ec   Number         0  startup_stm32f10x_md.o ABSOLUTE
    __Vectors                                0x08000000   Data           4  startup_stm32f10x_md.o(RESET)
    __Vectors_End                            0x080000ec   Data           0  startup_stm32f10x_md.o(RESET)
    __main                                   0x080000ed   Thumb Code     8  __main.o(!!!main)
    __scatterload                            0x080000f5   Thumb Code     0  __scatter.o(!!!scatter)
    __scatterload_rt2                        0x080000f5   Thumb Code    44  __scatter.o(!!!scatter)
    __scatterload_rt2_thumb_only             0x080000f5   Thumb Code     0  __scatter.o(!!!scatter)
    __scatterload_null                       0x08000103   Thumb Code     0  __scatter.o(!!!scatter)
    __scatterload_copy                       0x08000129   Thumb Code    26  __scatter_copy.o(!!handler_copy)
    __scatterload_zeroinit                   0x08000145   Thumb Code    28  __scatter_zi.o(!!handler_zi)
    __rt_lib_init                            0x08000161   Thumb Code     0  libinit.o(.ARM.Collect$$libinit$$00000000)
    __rt_lib_init_alloca_1                   0x08000163   Thumb Code     0  libinit2.o(.ARM.Collect$$libinit$$0000002E)
    __rt_lib_init_argv_1                     0x08000163   Thumb Code     0  libinit2.o(.ARM.Collect$$libinit$$0000002C)
    __rt_lib_init_atexit_1                   0x08000163   Thumb Code     0  libinit2.o(.ARM.Collect$$libinit$$0000001B)
    __rt_lib_init_clock_1                    0x08000163   Thumb Code     0  libinit2.o(.ARM.Collect$$libinit$$00000021)
    __rt_lib_init_cpp_1                      0x08000163   Thumb Code     0  libinit2.o(.ARM.Collect$$libinit$$00000032)
    __rt_lib_init_exceptions_1               0x08000163   Thumb Code     0  libinit2.o(.ARM.Collect$$libinit$$00000030)
    __rt_lib_init_fp_1                       0x08000163   Thumb Code     0  libinit2.o(.ARM.Collect$$libinit$$00000002)
    __rt_lib_init_fp_trap_1                  0x08000163   Thumb Code     0  libinit2.o(.ARM.Collect$$libinit$$0000001F)
    __rt_lib_init_getenv_1                   0x08000163   Thumb Code     0  libinit2.o(.ARM.Collect$$libinit$$00000023)
    __rt_lib_init_heap_1                     0x08000163   Thumb Code     0  libinit2.o(.ARM.Collect$$libinit$$0000000A)
    __rt_lib_init_lc_collate_1               0x08000163   Thumb Code     0  libinit2.o(.ARM.Collect$$libinit$$00000011)
    __rt_lib_init_lc_ctype_1                 0x08000163   Thumb Code     0  libinit2.o(.ARM.Collect$$libinit$$00000013)
    __rt_lib_init_lc_monetary_1              0x08000163   Thumb Code     0  libinit2.o(.ARM.Collect$$libinit$$00000015)
    __rt_lib_init_lc_numeric_1               0x08000163   Thumb Code     0  libinit2.o(.ARM.Collect$$libinit$$00000017)
    __rt_lib_init_lc_time_1                  0x08000163   Thumb Code     0  libinit2.o(.ARM.Collect$$libinit$$00000019)
    __rt_lib_init_preinit_1                  0x08000163   Thumb Code     0  libinit2.o(.ARM.Collect$$libinit$$00000004)
    __rt_lib_init_rand_1                     0x08000163   Thumb Code     0  libinit2.o(.ARM.Collect$$libinit$$0000000E)
    __rt_lib_init_return                     0x08000163   Thumb Code     0  libinit2.o(.ARM.Collect$$libinit$$00000033)
    __rt_lib_init_signal_1                   0x08000163   Thumb Code     0  libinit2.o(.ARM.Collect$$libinit$$0000001D)
    __rt_lib_init_stdio_1                    0x08000163   Thumb Code     0  libinit2.o(.ARM.Collect$$libinit$$00000025)
    __rt_lib_init_user_alloc_1               0x08000163   Thumb Code     0  libinit2.o(.ARM.Collect$$libinit$$0000000C)
    __rt_lib_shutdown                        0x08000165   Thumb Code     0  libshutdown.o(.ARM.Collect$$libshutdown$$00000000)
    __rt_lib_shutdown_cpp_1                  0x08000167   Thumb Code     0  libshutdown2.o(.ARM.Collect$$libshutdown$$00000004)
    __rt_lib_shutdown_fini_1                 0x08000167   Thumb Code     0  libshutdown2.o(.ARM.Collect$$libshutdown$$00000002)
    __rt_lib_shutdown_fp_trap_1              0x08000167   Thumb Code     0  libshutdown2.o(.ARM.Collect$$libshutdown$$00000009)
    __rt_lib_shutdown_heap_1                 0x08000167   Thumb Code     0  libshutdown2.o(.ARM.Collect$$libshutdown$$00000011)
    __rt_lib_shutdown_return                 0x08000167   Thumb Code     0  libshutdown2.o(.ARM.Collect$$libshutdown$$00000012)
    __rt_lib_shutdown_signal_1               0x08000167   Thumb Code     0  libshutdown2.o(.ARM.Collect$$libshutdown$$0000000C)
    __rt_lib_shutdown_stdio_1                0x08000167   Thumb Code     0  libshutdown2.o(.ARM.Collect$$libshutdown$$00000006)
    __rt_lib_shutdown_user_alloc_1           0x08000167   Thumb Code     0  libshutdown2.o(.ARM.Collect$$libshutdown$$0000000E)
    __rt_entry                               0x08000169   Thumb Code     0  __rtentry.o(.ARM.Collect$$rtentry$$00000000)
    __rt_entry_presh_1                       0x08000169   Thumb Code     0  __rtentry2.o(.ARM.Collect$$rtentry$$00000002)
    __rt_entry_sh                            0x08000169   Thumb Code     0  __rtentry4.o(.ARM.Collect$$rtentry$$00000004)
    __rt_entry_li                            0x0800016f   Thumb Code     0  __rtentry2.o(.ARM.Collect$$rtentry$$0000000A)
    __rt_entry_postsh_1                      0x0800016f   Thumb Code     0  __rtentry2.o(.ARM.Collect$$rtentry$$00000009)
    __rt_entry_main                          0x08000173   Thumb Code     0  __rtentry2.o(.ARM.Collect$$rtentry$$0000000D)
    __rt_entry_postli_1                      0x08000173   Thumb Code     0  __rtentry2.o(.ARM.Collect$$rtentry$$0000000C)
    __rt_exit                                0x0800017b   Thumb Code     0  rtexit.o(.ARM.Collect$$rtexit$$00000000)
    __rt_exit_ls                             0x0800017d   Thumb Code     0  rtexit2.o(.ARM.Collect$$rtexit$$00000003)
    __rt_exit_prels_1                        0x0800017d   Thumb Code     0  rtexit2.o(.ARM.Collect$$rtexit$$00000002)
    __rt_exit_exit                           0x08000181   Thumb Code     0  rtexit2.o(.ARM.Collect$$rtexit$$00000004)
    Reset_Handler                            0x08000189   Thumb Code     8  startup_stm32f10x_md.o(.text)
    NMI_Handler                              0x08000191   Thumb Code     2  startup_stm32f10x_md.o(.text)
    HardFault_Handler                        0x08000193   Thumb Code     2  startup_stm32f10x_md.o(.text)
    MemManage_Handler                        0x08000195   Thumb Code     2  startup_stm32f10x_md.o(.text)
    BusFault_Handler                         0x08000197   Thumb Code     2  startup_stm32f10x_md.o(.text)
    UsageFault_Handler                       0x08000199   Thumb Code     2  startup_stm32f10x_md.o(.text)
    SVC_Handler                              0x0800019b   Thumb Code     2  startup_stm32f10x_md.o(.text)
    DebugMon_Handler                         0x0800019d   Thumb Code     2  startup_stm32f10x_md.o(.text)
    PendSV_Handler                           0x0800019f   Thumb Code     2  startup_stm32f10x_md.o(.text)
    CAN1_RX1_IRQHandler                      0x080001a3   Thumb Code     0  startup_stm32f10x_md.o(.text)
    CAN1_SCE_IRQHandler                      0x080001a3   Thumb Code     0  startup_stm32f10x_md.o(.text)
    DMA1_Channel1_IRQHandler                 0x080001a3   Thumb Code     0  startup_stm32f10x_md.o(.text)
    DMA1_Channel2_IRQHandler                 0x080001a3   Thumb Code     0  startup_stm32f10x_md.o(.text)
    DMA1_Channel3_IRQHandler                 0x080001a3   Thumb Code     0  startup_stm32f10x_md.o(.text)
    DMA1_Channel4_IRQHandler                 0x080001a3   Thumb Code     0  startup_stm32f10x_md.o(.text)
    DMA1_Channel5_IRQHandler                 0x080001a3   Thumb Code     0  startup_stm32f10x_md.o(.text)
    DMA1_Channel6_IRQHandler                 0x080001a3   Thumb Code     0  startup_stm32f10x_md.o(.text)
    DMA1_Channel7_IRQHandler                 0x080001a3   Thumb Code     0  startup_stm32f10x_md.o(.text)
    EXTI0_IRQHandler                         0x080001a3   Thumb Code     0  startup_stm32f10x_md.o(.text)
    EXTI1_IRQHandler                         0x080001a3   Thumb Code     0  startup_stm32f10x_md.o(.text)
    EXTI2_IRQHandler                         0x080001a3   Thumb Code     0  startup_stm32f10x_md.o(.text)
    EXTI3_IRQHandler                         0x080001a3   Thumb Code     0  startup_stm32f10x_md.o(.text)
    EXTI4_IRQHandler                         0x080001a3   Thumb Code     0  startup_stm32f10x_md.o(.text)
    EXTI9_5_IRQHandler                       0x080001a3   Thumb Code     0  startup_stm32f10x_md.o(.text)
    FLASH_IRQHandler                         0x080001a3   Thumb Code     0  startup_stm32f10x_md.o(.text)
    I2C1_ER_IRQHandler                       0x080001a3   Thumb Code     0  startup_stm32f10x_md.o(.text)
    I2C1_EV_IRQHandler                       0x080001a3   Thumb Code     0  startup_stm32f10x_md.o(.text)
    I2C2_ER_IRQHandler                       0x080001a3   Thumb Code     0  startup_stm32f10x_md.o(.text)
    I2C2_EV_IRQHandler                       0x080001a3   Thumb Code     0  startup_stm32f10x_md.o(.text)
    PVD_IRQHandler                           0x080001a3   Thumb Code     0  startup_stm32f10x_md.o(.text)
    RCC_IRQHandler                           0x080001a3   Thumb Code     0  startup_stm32f10x_md.o(.text)
    RTCAlarm_IRQHandler                      0x080001a3   Thumb Code     0  startup_stm32f10x_md.o(.text)
    RTC_IRQHandler                           0x080001a3   Thumb Code     0  startup_stm32f10x_md.o(.text)
    SPI1_IRQHandler                          0x080001a3   Thumb Code     0  startup_stm32f10x_md.o(.text)
    SPI2_IRQHandler                          0x080001a3   Thumb Code     0  startup_stm32f10x_md.o(.text)
    TAMPER_IRQHandler                        0x080001a3   Thumb Code     0  startup_stm32f10x_md.o(.text)
    TIM1_BRK_IRQHandler                      0x080001a3   Thumb Code     0  startup_stm32f10x_md.o(.text)
    TIM1_CC_IRQHandler                       0x080001a3   Thumb Code     0  startup_stm32f10x_md.o(.text)
    TIM1_TRG_COM_IRQHandler                  0x080001a3   Thumb Code     0  startup_stm32f10x_md.o(.text)
    TIM1_UP_IRQHandler                       0x080001a3   Thumb Code     0  startup_stm32f10x_md.o(.text)
    TIM2_IRQHandler                          0x080001a3   Thumb Code     0  startup_stm32f10x_md.o(.text)
    TIM4_IRQHandler                          0x080001a3   Thumb Code     0  startup_stm32f10x_md.o(.text)
    USART1_IRQHandler                        0x080001a3   Thumb Code     0  startup_stm32f10x_md.o(.text)
    USART2_IRQHandler                        0x080001a3   Thumb Code     0  startup_stm32f10x_md.o(.text)
    USART3_IRQHandler                        0x080001a3   Thumb Code     0  startup_stm32f10x_md.o(.text)
    USBWakeUp_IRQHandler                     0x080001a3   Thumb Code     0  startup_stm32f10x_md.o(.text)
    USB_HP_CAN1_TX_IRQHandler                0x080001a3   Thumb Code     0  startup_stm32f10x_md.o(.text)
    USB_LP_CAN1_RX0_IRQHandler               0x080001a3   Thumb Code     0  startup_stm32f10x_md.o(.text)
    WWDG_IRQHandler                          0x080001a3   Thumb Code     0  startup_stm32f10x_md.o(.text)
    __user_initial_stackheap                 0x080001a5   Thumb Code     0  startup_stm32f10x_md.o(.text)
    __use_two_region_memory                  0x080001c9   Thumb Code     2  heapauxi.o(.text)
    __rt_heap_escrow$2region                 0x080001cb   Thumb Code     2  heapauxi.o(.text)
    __rt_heap_expand$2region                 0x080001cd   Thumb Code     2  heapauxi.o(.text)
    __read_errno                             0x080001cf   Thumb Code    10  _rserrno.o(.text)
    __set_errno                              0x080001d9   Thumb Code    12  _rserrno.o(.text)
    __aeabi_errno_addr                       0x080001e5   Thumb Code     8  rt_errno_addr_intlibspace.o(.text)
    __errno$intlibspace                      0x080001e5   Thumb Code     0  rt_errno_addr_intlibspace.o(.text)
    __rt_errno_addr$intlibspace              0x080001e5   Thumb Code     0  rt_errno_addr_intlibspace.o(.text)
    __user_libspace                          0x080001ed   Thumb Code     8  libspace.o(.text)
    __user_perproc_libspace                  0x080001ed   Thumb Code     0  libspace.o(.text)
    __user_perthread_libspace                0x080001ed   Thumb Code     0  libspace.o(.text)
    __user_setup_stackheap                   0x080001f5   Thumb Code    74  sys_stackheap_outer.o(.text)
    exit                                     0x0800023f   Thumb Code    18  exit.o(.text)
    _sys_exit                                0x08000251   Thumb Code     8  sys_exit.o(.text)
    __I$use$semihosting                      0x0800025d   Thumb Code     0  use_no_semi.o(.text)
    __use_no_semihosting_swi                 0x0800025d   Thumb Code     2  use_no_semi.o(.text)
    __semihosting_library_function           0x0800025f   Thumb Code     0  indicate_semi.o(.text)
    ADC1_2_IRQHandler                        0x08000261   Thumb Code    34  main.o(i.ADC1_2_IRQHandler)
    ADC_conf                                 0x0800028d   Thumb Code    82  main.o(i.ADC_conf)
    ADC_start                                0x080002e5   Thumb Code    46  main.o(i.ADC_start)
    EXTI15_10_IRQHandler                     0x08000319   Thumb Code   130  main.o(i.EXTI15_10_IRQHandler)
    EXTI_Config                              0x080003b1   Thumb Code   120  main.o(i.EXTI_Config)
    PinConf                                  0x08000431   Thumb Code    80  main.o(i.PinConf)
    SineTable_Init                           0x08000579   Thumb Code   120  main.o(i.SineTable_Init)
    SquareTable_Init                         0x08000609   Thumb Code    40  main.o(i.SquareTable_Init)
    SysClkConf                               0x08000635   Thumb Code   188  main.o(i.SysClkConf)
    SysTick_Handler                          0x080006f5   Thumb Code    12  delay.o(i.SysTick_Handler)
    SystemInit                               0x08000705   Thumb Code    78  system_stm32f10x.o(i.SystemInit)
    TIM3_IRQHandler                          0x08000765   Thumb Code   158  main.o(i.TIM3_IRQHandler)
    Timer3_DAC_Config                        0x08000829   Thumb Code    84  main.o(i.Timer3_DAC_Config)
    TriangleTable_Init                       0x0800088d   Thumb Code    84  main.o(i.TriangleTable_Init)
    __ARM_fpclassify                         0x080008e5   Thumb Code    40  fpclassify.o(i.__ARM_fpclassify)
    __ieee754_rem_pio2                       0x08000959   Thumb Code   828  rred.o(i.__ieee754_rem_pio2)
    __kernel_cos                             0x08000ce1   Thumb Code   230  cos_i.o(i.__kernel_cos)
    __kernel_poly                            0x08000ddd   Thumb Code   170  poly.o(i.__kernel_poly)
    __kernel_sin                             0x08000e89   Thumb Code   224  sin_i.o(i.__kernel_sin)
    __mathlib_dbl_infnan                     0x08000f75   Thumb Code     6  dunder.o(i.__mathlib_dbl_infnan)
    __mathlib_dbl_invalid                    0x08000f7b   Thumb Code    12  dunder.o(i.__mathlib_dbl_invalid)
    __mathlib_dbl_underflow                  0x08000f89   Thumb Code    10  dunder.o(i.__mathlib_dbl_underflow)
    delay_ms                                 0x08000f99   Thumb Code    28  main.o(i.delay_ms)
    main                                     0x08000fb5   Thumb Code   102  main.o(i.main)
    reset_pusle_index                        0x08001049   Thumb Code    16  main.o(i.reset_pusle_index)
    sin                                      0x08001065   Thumb Code   150  sin.o(i.sin)
    __aeabi_dadd                             0x08001105   Thumb Code     0  daddsub_clz.o(x$fpl$dadd)
    _dadd                                    0x08001105   Thumb Code   332  daddsub_clz.o(x$fpl$dadd)
    __fpl_dcheck_NaN1                        0x08001255   Thumb Code    10  dcheck1.o(x$fpl$dcheck1)
    __aeabi_ddiv                             0x08001265   Thumb Code     0  ddiv.o(x$fpl$ddiv)
    _ddiv                                    0x08001265   Thumb Code   552  ddiv.o(x$fpl$ddiv)
    __aeabi_d2iz                             0x08001515   Thumb Code     0  dfix.o(x$fpl$dfix)
    _dfix                                    0x08001515   Thumb Code    94  dfix.o(x$fpl$dfix)
    __aeabi_d2uiz                            0x08001575   Thumb Code     0  dfixu.o(x$fpl$dfixu)
    _dfixu                                   0x08001575   Thumb Code    90  dfixu.o(x$fpl$dfixu)
    __aeabi_i2d                              0x080015cf   Thumb Code     0  dflt_clz.o(x$fpl$dflt)
    _dflt                                    0x080015cf   Thumb Code    46  dflt_clz.o(x$fpl$dflt)
    __aeabi_ui2d                             0x080015fd   Thumb Code     0  dflt_clz.o(x$fpl$dfltu)
    _dfltu                                   0x080015fd   Thumb Code    38  dflt_clz.o(x$fpl$dfltu)
    __aeabi_dmul                             0x08001625   Thumb Code     0  dmul.o(x$fpl$dmul)
    _dmul                                    0x08001625   Thumb Code   332  dmul.o(x$fpl$dmul)
    __fpl_dnaninf                            0x08001779   Thumb Code   156  dnaninf.o(x$fpl$dnaninf)
    __fpl_dretinf                            0x08001815   Thumb Code    12  dretinf.o(x$fpl$dretinf)
    __aeabi_drsub                            0x08001821   Thumb Code     0  daddsub_clz.o(x$fpl$drsb)
    _drsb                                    0x08001821   Thumb Code    22  daddsub_clz.o(x$fpl$drsb)
    __aeabi_dsub                             0x08001839   Thumb Code     0  daddsub_clz.o(x$fpl$dsub)
    _dsub                                    0x08001839   Thumb Code   464  daddsub_clz.o(x$fpl$dsub)
    __fpl_return_NaN                         0x08001a0d   Thumb Code   100  retnan.o(x$fpl$retnan)
    __ARM_scalbn                             0x08001a71   Thumb Code    92  scalbn.o(x$fpl$scalbn)
    __fpl_cmpreturn                          0x08001acd   Thumb Code    48  trapv.o(x$fpl$trapveneer)
    __I$use$fp                               0x08001afc   Number         0  usenofp.o(x$fpl$usenofp)
    Region$$Table$$Base                      0x08001c20   Number         0  anon$$obj.o(Region$$Table)
    Region$$Table$$Limit                     0x08001c40   Number         0  anon$$obj.o(Region$$Table)
    msTicks                                  0x20000030   Data           4  delay.o(.data)
    __libspace_start                         0x20000634   Data          96  libspace.o(.bss)
    __temporary_stack_top$libspace           0x20000694   Data           0  libspace.o(.bss)



==============================================================================

Memory Map of the image

  Image Entry point : 0x080000ed

  Load Region LR_IROM1 (Base: 0x08000000, Size: 0x00001c74, Max: 0x00010000, ABSOLUTE)

    Execution Region ER_IROM1 (Exec base: 0x08000000, Load base: 0x08000000, Size: 0x00001c40, Max: 0x00010000, ABSOLUTE)

    Exec Addr    Load Addr    Size         Type   Attr      Idx    E Section Name        Object

    0x08000000   0x08000000   0x000000ec   Data   RO          200    RESET               startup_stm32f10x_md.o
    0x080000ec   0x080000ec   0x00000008   Code   RO          255  * !!!main             c_w.l(__main.o)
    0x080000f4   0x080000f4   0x00000034   Code   RO          500    !!!scatter          c_w.l(__scatter.o)
    0x08000128   0x08000128   0x0000001a   Code   RO          502    !!handler_copy      c_w.l(__scatter_copy.o)
    0x08000142   0x08000142   0x00000002   PAD
    0x08000144   0x08000144   0x0000001c   Code   RO          504    !!handler_zi        c_w.l(__scatter_zi.o)
    0x08000160   0x08000160   0x00000002   Code   RO          365    .ARM.Collect$$libinit$$00000000  c_w.l(libinit.o)
    0x08000162   0x08000162   0x00000000   Code   RO          371    .ARM.Collect$$libinit$$00000002  c_w.l(libinit2.o)
    0x08000162   0x08000162   0x00000000   Code   RO          373    .ARM.Collect$$libinit$$00000004  c_w.l(libinit2.o)
    0x08000162   0x08000162   0x00000000   Code   RO          376    .ARM.Collect$$libinit$$0000000A  c_w.l(libinit2.o)
    0x08000162   0x08000162   0x00000000   Code   RO          378    .ARM.Collect$$libinit$$0000000C  c_w.l(libinit2.o)
    0x08000162   0x08000162   0x00000000   Code   RO          380    .ARM.Collect$$libinit$$0000000E  c_w.l(libinit2.o)
    0x08000162   0x08000162   0x00000000   Code   RO          383    .ARM.Collect$$libinit$$00000011  c_w.l(libinit2.o)
    0x08000162   0x08000162   0x00000000   Code   RO          385    .ARM.Collect$$libinit$$00000013  c_w.l(libinit2.o)
    0x08000162   0x08000162   0x00000000   Code   RO          387    .ARM.Collect$$libinit$$00000015  c_w.l(libinit2.o)
    0x08000162   0x08000162   0x00000000   Code   RO          389    .ARM.Collect$$libinit$$00000017  c_w.l(libinit2.o)
    0x08000162   0x08000162   0x00000000   Code   RO          391    .ARM.Collect$$libinit$$00000019  c_w.l(libinit2.o)
    0x08000162   0x08000162   0x00000000   Code   RO          393    .ARM.Collect$$libinit$$0000001B  c_w.l(libinit2.o)
    0x08000162   0x08000162   0x00000000   Code   RO          395    .ARM.Collect$$libinit$$0000001D  c_w.l(libinit2.o)
    0x08000162   0x08000162   0x00000000   Code   RO          397    .ARM.Collect$$libinit$$0000001F  c_w.l(libinit2.o)
    0x08000162   0x08000162   0x00000000   Code   RO          399    .ARM.Collect$$libinit$$00000021  c_w.l(libinit2.o)
    0x08000162   0x08000162   0x00000000   Code   RO          401    .ARM.Collect$$libinit$$00000023  c_w.l(libinit2.o)
    0x08000162   0x08000162   0x00000000   Code   RO          403    .ARM.Collect$$libinit$$00000025  c_w.l(libinit2.o)
    0x08000162   0x08000162   0x00000000   Code   RO          407    .ARM.Collect$$libinit$$0000002C  c_w.l(libinit2.o)
    0x08000162   0x08000162   0x00000000   Code   RO          409    .ARM.Collect$$libinit$$0000002E  c_w.l(libinit2.o)
    0x08000162   0x08000162   0x00000000   Code   RO          411    .ARM.Collect$$libinit$$00000030  c_w.l(libinit2.o)
    0x08000162   0x08000162   0x00000000   Code   RO          413    .ARM.Collect$$libinit$$00000032  c_w.l(libinit2.o)
    0x08000162   0x08000162   0x00000002   Code   RO          414    .ARM.Collect$$libinit$$00000033  c_w.l(libinit2.o)
    0x08000164   0x08000164   0x00000002   Code   RO          438    .ARM.Collect$$libshutdown$$00000000  c_w.l(libshutdown.o)
    0x08000166   0x08000166   0x00000000   Code   RO          451    .ARM.Collect$$libshutdown$$00000002  c_w.l(libshutdown2.o)
    0x08000166   0x08000166   0x00000000   Code   RO          453    .ARM.Collect$$libshutdown$$00000004  c_w.l(libshutdown2.o)
    0x08000166   0x08000166   0x00000000   Code   RO          455    .ARM.Collect$$libshutdown$$00000006  c_w.l(libshutdown2.o)
    0x08000166   0x08000166   0x00000000   Code   RO          458    .ARM.Collect$$libshutdown$$00000009  c_w.l(libshutdown2.o)
    0x08000166   0x08000166   0x00000000   Code   RO          461    .ARM.Collect$$libshutdown$$0000000C  c_w.l(libshutdown2.o)
    0x08000166   0x08000166   0x00000000   Code   RO          463    .ARM.Collect$$libshutdown$$0000000E  c_w.l(libshutdown2.o)
    0x08000166   0x08000166   0x00000000   Code   RO          466    .ARM.Collect$$libshutdown$$00000011  c_w.l(libshutdown2.o)
    0x08000166   0x08000166   0x00000002   Code   RO          467    .ARM.Collect$$libshutdown$$00000012  c_w.l(libshutdown2.o)
    0x08000168   0x08000168   0x00000000   Code   RO          287    .ARM.Collect$$rtentry$$00000000  c_w.l(__rtentry.o)
    0x08000168   0x08000168   0x00000000   Code   RO          324    .ARM.Collect$$rtentry$$00000002  c_w.l(__rtentry2.o)
    0x08000168   0x08000168   0x00000006   Code   RO          336    .ARM.Collect$$rtentry$$00000004  c_w.l(__rtentry4.o)
    0x0800016e   0x0800016e   0x00000000   Code   RO          326    .ARM.Collect$$rtentry$$00000009  c_w.l(__rtentry2.o)
    0x0800016e   0x0800016e   0x00000004   Code   RO          327    .ARM.Collect$$rtentry$$0000000A  c_w.l(__rtentry2.o)
    0x08000172   0x08000172   0x00000000   Code   RO          329    .ARM.Collect$$rtentry$$0000000C  c_w.l(__rtentry2.o)
    0x08000172   0x08000172   0x00000008   Code   RO          330    .ARM.Collect$$rtentry$$0000000D  c_w.l(__rtentry2.o)
    0x0800017a   0x0800017a   0x00000002   Code   RO          368    .ARM.Collect$$rtexit$$00000000  c_w.l(rtexit.o)
    0x0800017c   0x0800017c   0x00000000   Code   RO          418    .ARM.Collect$$rtexit$$00000002  c_w.l(rtexit2.o)
    0x0800017c   0x0800017c   0x00000004   Code   RO          419    .ARM.Collect$$rtexit$$00000003  c_w.l(rtexit2.o)
    0x08000180   0x08000180   0x00000006   Code   RO          420    .ARM.Collect$$rtexit$$00000004  c_w.l(rtexit2.o)
    0x08000186   0x08000186   0x00000002   PAD
    0x08000188   0x08000188   0x00000040   Code   RO          201    .text               startup_stm32f10x_md.o
    0x080001c8   0x080001c8   0x00000006   Code   RO          253    .text               c_w.l(heapauxi.o)
    0x080001ce   0x080001ce   0x00000016   Code   RO          288    .text               c_w.l(_rserrno.o)
    0x080001e4   0x080001e4   0x00000008   Code   RO          341    .text               c_w.l(rt_errno_addr_intlibspace.o)
    0x080001ec   0x080001ec   0x00000008   Code   RO          353    .text               c_w.l(libspace.o)
    0x080001f4   0x080001f4   0x0000004a   Code   RO          356    .text               c_w.l(sys_stackheap_outer.o)
    0x0800023e   0x0800023e   0x00000012   Code   RO          358    .text               c_w.l(exit.o)
    0x08000250   0x08000250   0x0000000c   Code   RO          430    .text               c_w.l(sys_exit.o)
    0x0800025c   0x0800025c   0x00000002   Code   RO          441    .text               c_w.l(use_no_semi.o)
    0x0800025e   0x0800025e   0x00000000   Code   RO          443    .text               c_w.l(indicate_semi.o)
    0x0800025e   0x0800025e   0x00000002   PAD
    0x08000260   0x08000260   0x0000002c   Code   RO            4    i.ADC1_2_IRQHandler  main.o
    0x0800028c   0x0800028c   0x00000058   Code   RO            5    i.ADC_conf          main.o
    0x080002e4   0x080002e4   0x00000034   Code   RO            6    i.ADC_start         main.o
    0x08000318   0x08000318   0x00000098   Code   RO            7    i.EXTI15_10_IRQHandler  main.o
    0x080003b0   0x080003b0   0x00000080   Code   RO            8    i.EXTI_Config       main.o
    0x08000430   0x08000430   0x00000060   Code   RO            9    i.PinConf           main.o
    0x08000490   0x08000490   0x00000008   Code   RO          208    i.SetSysClock       system_stm32f10x.o
    0x08000498   0x08000498   0x000000e0   Code   RO          209    i.SetSysClockTo72   system_stm32f10x.o
    0x08000578   0x08000578   0x00000090   Code   RO           10    i.SineTable_Init    main.o
    0x08000608   0x08000608   0x0000002c   Code   RO           11    i.SquareTable_Init  main.o
    0x08000634   0x08000634   0x000000c0   Code   RO           12    i.SysClkConf        main.o
    0x080006f4   0x080006f4   0x00000010   Code   RO          159    i.SysTick_Handler   delay.o
    0x08000704   0x08000704   0x00000060   Code   RO          211    i.SystemInit        system_stm32f10x.o
    0x08000764   0x08000764   0x000000c4   Code   RO           13    i.TIM3_IRQHandler   main.o
    0x08000828   0x08000828   0x00000064   Code   RO           14    i.Timer3_DAC_Config  main.o
    0x0800088c   0x0800088c   0x00000058   Code   RO           15    i.TriangleTable_Init  main.o
    0x080008e4   0x080008e4   0x00000028   Code   RO          349    i.__ARM_fpclassify  m_ws.l(fpclassify.o)
    0x0800090c   0x0800090c   0x00000022   Code   RO           16    i.__NVIC_EnableIRQ  main.o
    0x0800092e   0x0800092e   0x00000002   PAD
    0x08000930   0x08000930   0x00000028   Code   RO           17    i.__NVIC_SetPriority  main.o
    0x08000958   0x08000958   0x00000388   Code   RO          312    i.__ieee754_rem_pio2  m_ws.l(rred.o)
    0x08000ce0   0x08000ce0   0x000000fc   Code   RO          295    i.__kernel_cos      m_ws.l(cos_i.o)
    0x08000ddc   0x08000ddc   0x000000aa   Code   RO          351    i.__kernel_poly     m_ws.l(poly.o)
    0x08000e86   0x08000e86   0x00000002   PAD
    0x08000e88   0x08000e88   0x000000ec   Code   RO          317    i.__kernel_sin      m_ws.l(sin_i.o)
    0x08000f74   0x08000f74   0x00000006   Code   RO          299    i.__mathlib_dbl_infnan  m_ws.l(dunder.o)
    0x08000f7a   0x08000f7a   0x0000000c   Code   RO          301    i.__mathlib_dbl_invalid  m_ws.l(dunder.o)
    0x08000f86   0x08000f86   0x00000002   PAD
    0x08000f88   0x08000f88   0x00000010   Code   RO          304    i.__mathlib_dbl_underflow  m_ws.l(dunder.o)
    0x08000f98   0x08000f98   0x0000001c   Code   RO           18    i.delay_ms          main.o
    0x08000fb4   0x08000fb4   0x00000094   Code   RO           19    i.main              main.o
    0x08001048   0x08001048   0x0000001c   Code   RO           20    i.reset_pusle_index  main.o
    0x08001064   0x08001064   0x000000a0   Code   RO          280    i.sin               m_ws.l(sin.o)
    0x08001104   0x08001104   0x00000150   Code   RO          257    x$fpl$dadd          fz_ws.l(daddsub_clz.o)
    0x08001254   0x08001254   0x00000010   Code   RO          366    x$fpl$dcheck1       fz_ws.l(dcheck1.o)
    0x08001264   0x08001264   0x000002b0   Code   RO          264    x$fpl$ddiv          fz_ws.l(ddiv.o)
    0x08001514   0x08001514   0x0000005e   Code   RO          343    x$fpl$dfix          fz_ws.l(dfix.o)
    0x08001572   0x08001572   0x00000002   PAD
    0x08001574   0x08001574   0x0000005a   Code   RO          267    x$fpl$dfixu         fz_ws.l(dfixu.o)
    0x080015ce   0x080015ce   0x0000002e   Code   RO          272    x$fpl$dflt          fz_ws.l(dflt_clz.o)
    0x080015fc   0x080015fc   0x00000026   Code   RO          271    x$fpl$dfltu         fz_ws.l(dflt_clz.o)
    0x08001622   0x08001622   0x00000002   PAD
    0x08001624   0x08001624   0x00000154   Code   RO          277    x$fpl$dmul          fz_ws.l(dmul.o)
    0x08001778   0x08001778   0x0000009c   Code   RO          290    x$fpl$dnaninf       fz_ws.l(dnaninf.o)
    0x08001814   0x08001814   0x0000000c   Code   RO          292    x$fpl$dretinf       fz_ws.l(dretinf.o)
    0x08001820   0x08001820   0x00000016   Code   RO          258    x$fpl$drsb          fz_ws.l(daddsub_clz.o)
    0x08001836   0x08001836   0x00000002   PAD
    0x08001838   0x08001838   0x000001d4   Code   RO          259    x$fpl$dsub          fz_ws.l(daddsub_clz.o)
    0x08001a0c   0x08001a0c   0x00000064   Code   RO          415    x$fpl$retnan        fz_ws.l(retnan.o)
    0x08001a70   0x08001a70   0x0000005c   Code   RO          347    x$fpl$scalbn        fz_ws.l(scalbn.o)
    0x08001acc   0x08001acc   0x00000030   Code   RO          428    x$fpl$trapveneer    fz_ws.l(trapv.o)
    0x08001afc   0x08001afc   0x00000000   Code   RO          294    x$fpl$usenofp       fz_ws.l(usenofp.o)
    0x08001afc   0x08001afc   0x00000004   PAD
    0x08001b00   0x08001b00   0x00000030   Data   RO          296    .constdata          m_ws.l(cos_i.o)
    0x08001b30   0x08001b30   0x000000c8   Data   RO          314    .constdata          m_ws.l(rred.o)
    0x08001bf8   0x08001bf8   0x00000028   Data   RO          318    .constdata          m_ws.l(sin_i.o)
    0x08001c20   0x08001c20   0x00000020   Data   RO          498    Region$$Table       anon$$obj.o


    Execution Region RW_IRAM1 (Exec base: 0x20000000, Load base: 0x08001c40, Size: 0x00000c98, Max: 0x00005000, ABSOLUTE)

    Exec Addr    Load Addr    Size         Type   Attr      Idx    E Section Name        Object

    0x20000000   0x08001c40   0x0000002e   Data   RW           22    .data               main.o
    0x2000002e   0x08001c6e   0x00000002   PAD
    0x20000030   0x08001c70   0x00000004   Data   RW          161    .data               delay.o
    0x20000034        -       0x00000600   Zero   RW           21    .bss                main.o
    0x20000634        -       0x00000060   Zero   RW          354    .bss                c_w.l(libspace.o)
    0x20000694   0x08001c74   0x00000004   PAD
    0x20000698        -       0x00000200   Zero   RW          199    HEAP                startup_stm32f10x_md.o
    0x20000898        -       0x00000400   Zero   RW          198    STACK               startup_stm32f10x_md.o


==============================================================================

Image component sizes


      Code (inc. data)   RO Data    RW Data    ZI Data      Debug   Object Name

        16          4          0          4          0        968   delay.o
      1602        224          0         46       1536     216736   main.o
        64         26        236          0       1536        804   startup_stm32f10x_md.o
       328         28          0          0          0       2049   system_stm32f10x.o

    ----------------------------------------------------------------------
      2012        282        268         52       3072     220557   Object Totals
         0          0         32          0          0          0   (incl. Generated)
         2          0          0          2          0          0   (incl. Padding)

    ----------------------------------------------------------------------

      Code (inc. data)   RO Data    RW Data    ZI Data      Debug   Library Member Name

         8          0          0          0          0         68   __main.o
         0          0          0          0          0          0   __rtentry.o
        12          0          0          0          0          0   __rtentry2.o
         6          0          0          0          0          0   __rtentry4.o
        52          8          0          0          0          0   __scatter.o
        26          0          0          0          0          0   __scatter_copy.o
        28          0          0          0          0          0   __scatter_zi.o
        22          0          0          0          0        100   _rserrno.o
        18          0          0          0          0         80   exit.o
         6          0          0          0          0        152   heapauxi.o
         0          0          0          0          0          0   indicate_semi.o
         2          0          0          0          0          0   libinit.o
         2          0          0          0          0          0   libinit2.o
         2          0          0          0          0          0   libshutdown.o
         2          0          0          0          0          0   libshutdown2.o
         8          4          0          0         96         68   libspace.o
         8          4          0          0          0         68   rt_errno_addr_intlibspace.o
         2          0          0          0          0          0   rtexit.o
        10          0          0          0          0          0   rtexit2.o
        12          4          0          0          0         68   sys_exit.o
        74          0          0          0          0         80   sys_stackheap_outer.o
         2          0          0          0          0         68   use_no_semi.o
       826         16          0          0          0        348   daddsub_clz.o
        16          4          0          0          0         68   dcheck1.o
       688        140          0          0          0        208   ddiv.o
        94          4          0          0          0         92   dfix.o
        90          4          0          0          0         92   dfixu.o
        84          0          0          0          0        136   dflt_clz.o
       340         12          0          0          0        104   dmul.o
       156          4          0          0          0         92   dnaninf.o
        12          0          0          0          0         68   dretinf.o
       100          0          0          0          0         68   retnan.o
        92          0          0          0          0         68   scalbn.o
        48          0          0          0          0         68   trapv.o
         0          0          0          0          0          0   usenofp.o
       252         22         48          0          0        124   cos_i.o
        34          6          0          0          0        204   dunder.o
        40          0          0          0          0         68   fpclassify.o
       170          0          0          0          0         96   poly.o
       904         76        200          0          0        140   rred.o
       160         10          0          0          0        108   sin.o
       236         12         40          0          0        128   sin_i.o

    ----------------------------------------------------------------------
      4664        330        288          0        100       3032   Library Totals
        20          0          0          0          4          0   (incl. Padding)

    ----------------------------------------------------------------------

      Code (inc. data)   RO Data    RW Data    ZI Data      Debug   Library Name

       302         20          0          0         96        752   c_w.l
      2546        184          0          0          0       1412   fz_ws.l
      1796        126        288          0          0        868   m_ws.l

    ----------------------------------------------------------------------
      4664        330        288          0        100       3032   Library Totals

    ----------------------------------------------------------------------

==============================================================================


      Code (inc. data)   RO Data    RW Data    ZI Data      Debug   

      6676        612        556         52       3172     221141   Grand Totals
      6676        612        556         52       3172     221141   ELF Image Totals
      6676        612        556         52          0          0   ROM Totals

==============================================================================

    Total RO  Size (Code + RO Data)                 7232 (   7.06kB)
    Total RW  Size (RW Data + ZI Data)              3224 (   3.15kB)
    Total ROM Size (Code + RO Data + RW Data)       7284 (   7.11kB)

==============================================================================

